Archive member included to satisfy reference by file (symbol)

/home/paul/.config/Code/User/globalStorage/bmd.stm32-for-vscode/@xpack-dev-tools/arm-none-eabi-gcc/12.3.1-1.2.1/.content/bin/../lib/gcc/arm-none-eabi/12.3.1/../../../../arm-none-eabi/lib/thumb/v7-m/nofp/libc_nano.a(libc_a-atexit.o)
                              /home/paul/.config/Code/User/globalStorage/bmd.stm32-for-vscode/@xpack-dev-tools/arm-none-eabi-gcc/12.3.1-1.2.1/.content/bin/../lib/gcc/arm-none-eabi/12.3.1/../../../../arm-none-eabi/lib/thumb/v7-m/nofp/crt0.o (atexit)
/home/paul/.config/Code/User/globalStorage/bmd.stm32-for-vscode/@xpack-dev-tools/arm-none-eabi-gcc/12.3.1-1.2.1/.content/bin/../lib/gcc/arm-none-eabi/12.3.1/../../../../arm-none-eabi/lib/thumb/v7-m/nofp/libc_nano.a(libc_a-exit.o)
                              /home/paul/.config/Code/User/globalStorage/bmd.stm32-for-vscode/@xpack-dev-tools/arm-none-eabi-gcc/12.3.1-1.2.1/.content/bin/../lib/gcc/arm-none-eabi/12.3.1/../../../../arm-none-eabi/lib/thumb/v7-m/nofp/crt0.o (exit)
/home/paul/.config/Code/User/globalStorage/bmd.stm32-for-vscode/@xpack-dev-tools/arm-none-eabi-gcc/12.3.1-1.2.1/.content/bin/../lib/gcc/arm-none-eabi/12.3.1/../../../../arm-none-eabi/lib/thumb/v7-m/nofp/libc_nano.a(libc_a-findfp.o)
                              /home/paul/.config/Code/User/globalStorage/bmd.stm32-for-vscode/@xpack-dev-tools/arm-none-eabi-gcc/12.3.1-1.2.1/.content/bin/../lib/gcc/arm-none-eabi/12.3.1/../../../../arm-none-eabi/lib/thumb/v7-m/nofp/libc_nano.a(libc_a-exit.o) (__stdio_exit_handler)
/home/paul/.config/Code/User/globalStorage/bmd.stm32-for-vscode/@xpack-dev-tools/arm-none-eabi-gcc/12.3.1-1.2.1/.content/bin/../lib/gcc/arm-none-eabi/12.3.1/../../../../arm-none-eabi/lib/thumb/v7-m/nofp/libc_nano.a(libc_a-fwalk.o)
                              /home/paul/.config/Code/User/globalStorage/bmd.stm32-for-vscode/@xpack-dev-tools/arm-none-eabi-gcc/12.3.1-1.2.1/.content/bin/../lib/gcc/arm-none-eabi/12.3.1/../../../../arm-none-eabi/lib/thumb/v7-m/nofp/libc_nano.a(libc_a-findfp.o) (_fwalk_sglue)
/home/paul/.config/Code/User/globalStorage/bmd.stm32-for-vscode/@xpack-dev-tools/arm-none-eabi-gcc/12.3.1-1.2.1/.content/bin/../lib/gcc/arm-none-eabi/12.3.1/../../../../arm-none-eabi/lib/thumb/v7-m/nofp/libc_nano.a(libc_a-stdio.o)
                              /home/paul/.config/Code/User/globalStorage/bmd.stm32-for-vscode/@xpack-dev-tools/arm-none-eabi-gcc/12.3.1-1.2.1/.content/bin/../lib/gcc/arm-none-eabi/12.3.1/../../../../arm-none-eabi/lib/thumb/v7-m/nofp/libc_nano.a(libc_a-findfp.o) (__sread)
/home/paul/.config/Code/User/globalStorage/bmd.stm32-for-vscode/@xpack-dev-tools/arm-none-eabi-gcc/12.3.1-1.2.1/.content/bin/../lib/gcc/arm-none-eabi/12.3.1/../../../../arm-none-eabi/lib/thumb/v7-m/nofp/libc_nano.a(libc_a-memset.o)
                              /home/paul/.config/Code/User/globalStorage/bmd.stm32-for-vscode/@xpack-dev-tools/arm-none-eabi-gcc/12.3.1-1.2.1/.content/bin/../lib/gcc/arm-none-eabi/12.3.1/../../../../arm-none-eabi/lib/thumb/v7-m/nofp/crt0.o (memset)
/home/paul/.config/Code/User/globalStorage/bmd.stm32-for-vscode/@xpack-dev-tools/arm-none-eabi-gcc/12.3.1-1.2.1/.content/bin/../lib/gcc/arm-none-eabi/12.3.1/../../../../arm-none-eabi/lib/thumb/v7-m/nofp/libc_nano.a(libc_a-closer.o)
                              /home/paul/.config/Code/User/globalStorage/bmd.stm32-for-vscode/@xpack-dev-tools/arm-none-eabi-gcc/12.3.1-1.2.1/.content/bin/../lib/gcc/arm-none-eabi/12.3.1/../../../../arm-none-eabi/lib/thumb/v7-m/nofp/libc_nano.a(libc_a-stdio.o) (_close_r)
/home/paul/.config/Code/User/globalStorage/bmd.stm32-for-vscode/@xpack-dev-tools/arm-none-eabi-gcc/12.3.1-1.2.1/.content/bin/../lib/gcc/arm-none-eabi/12.3.1/../../../../arm-none-eabi/lib/thumb/v7-m/nofp/libc_nano.a(libc_a-reent.o)
                              /home/paul/.config/Code/User/globalStorage/bmd.stm32-for-vscode/@xpack-dev-tools/arm-none-eabi-gcc/12.3.1-1.2.1/.content/bin/../lib/gcc/arm-none-eabi/12.3.1/../../../../arm-none-eabi/lib/thumb/v7-m/nofp/libc_nano.a(libc_a-closer.o) (errno)
/home/paul/.config/Code/User/globalStorage/bmd.stm32-for-vscode/@xpack-dev-tools/arm-none-eabi-gcc/12.3.1-1.2.1/.content/bin/../lib/gcc/arm-none-eabi/12.3.1/../../../../arm-none-eabi/lib/thumb/v7-m/nofp/libc_nano.a(libc_a-impure.o)
                              /home/paul/.config/Code/User/globalStorage/bmd.stm32-for-vscode/@xpack-dev-tools/arm-none-eabi-gcc/12.3.1-1.2.1/.content/bin/../lib/gcc/arm-none-eabi/12.3.1/../../../../arm-none-eabi/lib/thumb/v7-m/nofp/libc_nano.a(libc_a-reent.o) (_impure_ptr)
/home/paul/.config/Code/User/globalStorage/bmd.stm32-for-vscode/@xpack-dev-tools/arm-none-eabi-gcc/12.3.1-1.2.1/.content/bin/../lib/gcc/arm-none-eabi/12.3.1/../../../../arm-none-eabi/lib/thumb/v7-m/nofp/libc_nano.a(libc_a-lseekr.o)
[...]
Memory Configuration

Name             Origin             Length             Attributes
RAM              0x20000000         0x00005000         xrw
FLASH            0x08000000         0x00010000         xr
*default*        0x00000000         0xffffffff

Linker script and memory map

LOAD /home/paul/.config/Code/User/globalStorage/bmd.stm32-for-vscode/@xpack-dev-tools/arm-none-eabi-gcc/12.3.1-1.2.1/.content/bin/../lib/gcc/arm-none-eabi/12.3.1/thumb/v7-m/nofp/crti.o
LOAD /home/paul/.config/Code/User/globalStorage/bmd.stm32-for-vscode/@xpack-dev-tools/arm-none-eabi-gcc/12.3.1-1.2.1/.content/bin/../lib/gcc/arm-none-eabi/12.3.1/thumb/v7-m/nofp/crtbegin.o
LOAD /home/paul/.config/Code/User/globalStorage/bmd.stm32-for-vscode/@xpack-dev-tools/arm-none-eabi-gcc/12.3.1-1.2.1/.content/bin/../lib/gcc/arm-none-eabi/12.3.1/../../../../arm-none-eabi/lib/thumb/v7-m/nofp/crt0.o
LOAD build/adc.o
LOAD build/dma.o
LOAD build/freertos.o
LOAD build/gpio.o
LOAD build/i2c.o
LOAD build/main.o
LOAD build/stm32f1xx_hal_msp.o
LOAD build/stm32f1xx_hal_timebase_tim.o
LOAD build/stm32f1xx_it.o
LOAD build/system_stm32f1xx.o
LOAD build/tim.o
LOAD build/usart.o
LOAD build/usb.o
LOAD build/stm32f1xx_hal.o
LOAD build/stm32f1xx_hal_adc.o
LOAD build/stm32f1xx_hal_adc_ex.o
LOAD build/stm32f1xx_hal_cortex.o
LOAD build/stm32f1xx_hal_dma.o
LOAD build/stm32f1xx_hal_exti.o
LOAD build/stm32f1xx_hal_flash.o
LOAD build/stm32f1xx_hal_flash_ex.o
LOAD build/stm32f1xx_hal_gpio.o
LOAD build/stm32f1xx_hal_gpio_ex.o
LOAD build/stm32f1xx_hal_i2c.o
LOAD build/stm32f1xx_hal_pcd.o
LOAD build/stm32f1xx_hal_pcd_ex.o
LOAD build/stm32f1xx_hal_pwr.o
LOAD build/stm32f1xx_hal_rcc.o
LOAD build/stm32f1xx_hal_rcc_ex.o
LOAD build/stm32f1xx_hal_tim.o
LOAD build/stm32f1xx_hal_tim_ex.o
LOAD build/stm32f1xx_hal_uart.o
LOAD build/stm32f1xx_ll_usb.o
LOAD build/cmsis_os2.o
LOAD build/croutine.o
LOAD build/event_groups.o
LOAD build/list.o
LOAD build/port.o
LOAD build/heap_4.o
LOAD build/queue.o
LOAD build/stream_buffer.o
LOAD build/tasks.o
LOAD build/timers.o
LOAD build/startup_stm32f103xb.o
LOAD /home/paul/.config/Code/User/globalStorage/bmd.stm32-for-vscode/@xpack-dev-tools/arm-none-eabi-gcc/12.3.1-1.2.1/.content/bin/../lib/gcc/arm-none-eabi/12.3.1/../../../../arm-none-eabi/lib/thumb/v7-m/nofp/libc_nano.a
LOAD /home/paul/.config/Code/User/globalStorage/bmd.stm32-for-vscode/@xpack-dev-tools/arm-none-eabi-gcc/12.3.1-1.2.1/.content/bin/../lib/gcc/arm-none-eabi/12.3.1/../../../../arm-none-eabi/lib/thumb/v7-m/nofp/libm.a
LOAD /home/paul/.config/Code/User/globalStorage/bmd.stm32-for-vscode/@xpack-dev-tools/arm-none-eabi-gcc/12.3.1-1.2.1/.content/bin/../lib/gcc/arm-none-eabi/12.3.1/../../../../arm-none-eabi/lib/thumb/v7-m/nofp/libnosys.a
START GROUP
LOAD /home/paul/.config/Code/User/globalStorage/bmd.stm32-for-vscode/@xpack-dev-tools/arm-none-eabi-gcc/12.3.1-1.2.1/.content/bin/../lib/gcc/arm-none-eabi/12.3.1/thumb/v7-m/nofp/libgcc.a
LOAD /home/paul/.config/Code/User/globalStorage/bmd.stm32-for-vscode/@xpack-dev-tools/arm-none-eabi-gcc/12.3.1-1.2.1/.content/bin/../lib/gcc/arm-none-eabi/12.3.1/../../../../arm-none-eabi/lib/thumb/v7-m/nofp/libc_nano.a
END GROUP
START GROUP
LOAD /home/paul/.config/Code/User/globalStorage/bmd.stm32-for-vscode/@xpack-dev-tools/arm-none-eabi-gcc/12.3.1-1.2.1/.content/bin/../lib/gcc/arm-none-eabi/12.3.1/thumb/v7-m/nofp/libgcc.a
LOAD /home/paul/.config/Code/User/globalStorage/bmd.stm32-for-vscode/@xpack-dev-tools/arm-none-eabi-gcc/12.3.1-1.2.1/.content/bin/../lib/gcc/arm-none-eabi/12.3.1/../../../../arm-none-eabi/lib/thumb/v7-m/nofp/libc_nano.a
END GROUP
LOAD /home/paul/.config/Code/User/globalStorage/bmd.stm32-for-vscode/@xpack-dev-tools/arm-none-eabi-gcc/12.3.1-1.2.1/.content/bin/../lib/gcc/arm-none-eabi/12.3.1/thumb/v7-m/nofp/crtend.o
LOAD /home/paul/.config/Code/User/globalStorage/bmd.stm32-for-vscode/@xpack-dev-tools/arm-none-eabi-gcc/12.3.1-1.2.1/.content/bin/../lib/gcc/arm-none-eabi/12.3.1/thumb/v7-m/nofp/crtn.o
                0x20005000                        _estack = (ORIGIN (RAM) + LENGTH (RAM))
                0x00000200                        _Min_Heap_Size = 0x200
                0x00000400                        _Min_Stack_Size = 0x400

.isr_vector     0x08000000      0x10c
                0x08000000                        . = ALIGN (0x4)
 *(.isr_vector)
 .isr_vector    0x08000000      0x10c build/startup_stm32f103xb.o
                0x08000000                g_pfnVectors
                0x0800010c                        . = ALIGN (0x4)

.text           0x08000110     0x3fa0
                0x08000110                        . = ALIGN (0x4)
 *(.text)
 *(.text*)
 .text.__do_global_dtors_aux
                0x08000110       0x24 /home/paul/.config/Code/User/globalStorage/bmd.stm32-for-vscode/@xpack-dev-tools/arm-none-eabi-gcc/12.3.1-1.2.1/.content/bin/../lib/gcc/arm-none-eabi/12.3.1/thumb/v7-m/nofp/crtbegin.o
 .text.frame_dummy
                0x08000134       0x1c /home/paul/.config/Code/User/globalStorage/bmd.stm32-for-vscode/@xpack-dev-tools/arm-none-eabi-gcc/12.3.1-1.2.1/.content/bin/../lib/gcc/arm-none-eabi/12.3.1/thumb/v7-m/nofp/crtbegin.o
 .text.MX_ADC1_Init
                0x08000150       0xcc build/adc.o
                0x08000150                MX_ADC1_Init
 .text.HAL_ADC_MspInit
                0x0800021c       0xc0 build/adc.o
                0x0800021c                HAL_ADC_MspInit
 .text.MX_DMA_Init
                0x080002dc       0x30 build/dma.o
                0x080002dc                MX_DMA_Init
 .text.StartDefaultTask
                0x0800030c        0xa build/freertos.o
                0x0800030c                StartDefaultTask
 *fill*         0x08000316        0x2 
 .text.MX_FREERTOS_Init
                0x08000318       0x20 build/freertos.o
                0x08000318                MX_FREERTOS_Init
 .text.MX_GPIO_Init
                0x08000338       0xbc build/gpio.o
                0x08000338                MX_GPIO_Init
 .text.MX_I2C1_Init
                0x080003f4       0x3c build/i2c.o
                0x080003f4                MX_I2C1_Init
 .text.HAL_I2C_MspInit
                0x08000430       0x64 build/i2c.o
                0x08000430                HAL_I2C_MspInit
 .text.SystemClock_Config
                0x08000494       0x82 build/main.o
                0x08000494                SystemClock_Config
 .text.startup.main
                0x08000516       0x34 build/main.o
                0x08000516                main
 *fill*         0x0800054a        0x2 
 .text.HAL_TIM_PeriodElapsedCallback
                0x0800054c       0x14 build/main.o
                0x0800054c                HAL_TIM_PeriodElapsedCallback
 .text.Error_Handler
                0x08000560        0x4 build/main.o
                0x08000560                Error_Handler
 .text.assert_failed
                0x08000564        0x2 build/main.o
                0x08000564                assert_failed
 *fill*         0x08000566        0x2 
 .text.HAL_MspInit
                0x08000568       0x3c build/stm32f1xx_hal_msp.o
                0x08000568                HAL_MspInit
 .text.HAL_InitTick
                0x080005a4       0x9c build/stm32f1xx_hal_timebase_tim.o
                0x080005a4                HAL_InitTick
 .text.NMI_Handler
                0x08000640        0x2 build/stm32f1xx_it.o
                0x08000640                NMI_Handler
 .text.HardFault_Handler
                0x08000642        0x2 build/stm32f1xx_it.o
                0x08000642                HardFault_Handler
 .text.MemManage_Handler
                0x08000644        0x2 build/stm32f1xx_it.o
                0x08000644                MemManage_Handler
 .text.BusFault_Handler
                0x08000646        0x2 build/stm32f1xx_it.o
                0x08000646                BusFault_Handler
 .text.UsageFault_Handler
                0x08000648        0x2 build/stm32f1xx_it.o
                0x08000648                UsageFault_Handler
 .text.DebugMon_Handler
                0x0800064a        0x2 build/stm32f1xx_it.o
                0x0800064a                DebugMon_Handler
 .text.DMA1_Channel1_IRQHandler
                0x0800064c        0xc build/stm32f1xx_it.o
                0x0800064c                DMA1_Channel1_IRQHandler
 .text.TIM4_IRQHandler
                0x08000658        0xc build/stm32f1xx_it.o
                0x08000658                TIM4_IRQHandler
 .text.SystemInit
                0x08000664        0x2 build/system_stm32f1xx.o
                0x08000664                SystemInit
 *fill*         0x08000666        0x2 
 .text.MX_TIM3_Init
                0x08000668       0x6c build/tim.o
                0x08000668                MX_TIM3_Init
 .text.HAL_TIM_Base_MspInit
                0x080006d4       0x28 build/tim.o
                0x080006d4                HAL_TIM_Base_MspInit
 .text.MX_USART2_UART_Init
                0x080006fc       0x3c build/usart.o
                0x080006fc                MX_USART2_UART_Init
 .text.HAL_UART_MspInit
                0x08000738       0x74 build/usart.o
                0x08000738                HAL_UART_MspInit
 .text.MX_USB_PCD_Init
                0x080007ac       0x30 build/usb.o
                0x080007ac                MX_USB_PCD_Init
 .text.HAL_PCD_MspInit
                0x080007dc       0x28 build/usb.o
                0x080007dc                HAL_PCD_MspInit
 .text.HAL_Init
                0x08000804       0x24 build/stm32f1xx_hal.o
                0x08000804                HAL_Init
 .text.HAL_IncTick
                0x08000828       0x18 build/stm32f1xx_hal.o
                0x08000828                HAL_IncTick
 .text.HAL_GetTick
                0x08000840        0xc build/stm32f1xx_hal.o
                0x08000840                HAL_GetTick
 .text.HAL_ADC_ConfigChannel
                0x0800084c      0x14c build/stm32f1xx_hal_adc.o
                0x0800084c                HAL_ADC_ConfigChannel
 .text.ADC_ConversionStop_Disable
                0x08000998       0x4c build/stm32f1xx_hal_adc.o
                0x08000998                ADC_ConversionStop_Disable
 .text.HAL_ADC_Init
                0x080009e4      0x1b4 build/stm32f1xx_hal_adc.o
                0x080009e4                HAL_ADC_Init
 .text.HAL_NVIC_SetPriorityGrouping
                0x08000b98       0x3c build/stm32f1xx_hal_cortex.o
                0x08000b98                HAL_NVIC_SetPriorityGrouping
 .text.HAL_NVIC_SetPriority
                0x08000bd4       0x84 build/stm32f1xx_hal_cortex.o
                0x08000bd4                HAL_NVIC_SetPriority
 .text.HAL_NVIC_EnableIRQ
                0x08000c58       0x28 build/stm32f1xx_hal_cortex.o
                0x08000c58                HAL_NVIC_EnableIRQ
 .text.HAL_DMA_Init
                0x08000c80      0x128 build/stm32f1xx_hal_dma.o
                0x08000c80                HAL_DMA_Init
 .text.HAL_DMA_IRQHandler
                0x08000da8      0x128 build/stm32f1xx_hal_dma.o
                0x08000da8                HAL_DMA_IRQHandler
 .text.HAL_GPIO_Init
                0x08000ed0      0x2b4 build/stm32f1xx_hal_gpio.o
                0x08000ed0                HAL_GPIO_Init
 .text.HAL_GPIO_WritePin
                0x08001184       0x34 build/stm32f1xx_hal_gpio.o
                0x08001184                HAL_GPIO_WritePin
 .text.HAL_I2C_Init
                0x080011b8      0x208 build/stm32f1xx_hal_i2c.o
                0x080011b8                HAL_I2C_Init
 .text.HAL_PCD_Init
                0x080013c0      0x100 build/stm32f1xx_hal_pcd.o
                0x080013c0                HAL_PCD_Init
 .text.HAL_RCC_OscConfig
                0x080014c0      0x41c build/stm32f1xx_hal_rcc.o
                0x080014c0                HAL_RCC_OscConfig
 .text.HAL_RCC_GetSysClockFreq
                0x080018dc       0x4c build/stm32f1xx_hal_rcc.o
                0x080018dc                HAL_RCC_GetSysClockFreq
 .text.HAL_RCC_ClockConfig
                0x08001928      0x1e8 build/stm32f1xx_hal_rcc.o
                0x08001928                HAL_RCC_ClockConfig
 .text.HAL_RCC_GetPCLK1Freq
                0x08001b10       0x20 build/stm32f1xx_hal_rcc.o
                0x08001b10                HAL_RCC_GetPCLK1Freq
 .text.HAL_RCC_GetPCLK2Freq
                0x08001b30       0x20 build/stm32f1xx_hal_rcc.o
                0x08001b30                HAL_RCC_GetPCLK2Freq
 .text.HAL_RCC_GetClockConfig
                0x08001b50       0x60 build/stm32f1xx_hal_rcc.o
                0x08001b50                HAL_RCC_GetClockConfig
 .text.HAL_RCCEx_PeriphCLKConfig
                0x08001bb0      0x13c build/stm32f1xx_hal_rcc_ex.o
                0x08001bb0                HAL_RCCEx_PeriphCLKConfig
 .text.HAL_TIM_Base_Start_IT
                0x08001cec       0x84 build/stm32f1xx_hal_tim.o
                0x08001cec                HAL_TIM_Base_Start_IT
 .text.HAL_TIM_OC_DelayElapsedCallback
                0x08001d70        0x2 build/stm32f1xx_hal_tim.o
                0x08001d70                HAL_TIM_OC_DelayElapsedCallback
 .text.HAL_TIM_IC_CaptureCallback
                0x08001d72        0x2 build/stm32f1xx_hal_tim.o
                0x08001d72                HAL_TIM_IC_CaptureCallback
 .text.HAL_TIM_PWM_PulseFinishedCallback
                0x08001d74        0x2 build/stm32f1xx_hal_tim.o
                0x08001d74                HAL_TIM_PWM_PulseFinishedCallback
 .text.HAL_TIM_TriggerCallback
                0x08001d76        0x2 build/stm32f1xx_hal_tim.o
                0x08001d76                HAL_TIM_TriggerCallback
 .text.HAL_TIM_IRQHandler
                0x08001d78      0x144 build/stm32f1xx_hal_tim.o
                0x08001d78                HAL_TIM_IRQHandler
 .text.TIM_Base_SetConfig
                0x08001ebc       0x54 build/stm32f1xx_hal_tim.o
                0x08001ebc                TIM_Base_SetConfig
 .text.HAL_TIM_Base_Init
                0x08001f10       0xec build/stm32f1xx_hal_tim.o
                0x08001f10                HAL_TIM_Base_Init
 .text.TIM_ETR_SetConfig
                0x08001ffc       0x14 build/stm32f1xx_hal_tim.o
                0x08001ffc                TIM_ETR_SetConfig
 .text.HAL_TIM_ConfigClockSource
                0x08002010      0x384 build/stm32f1xx_hal_tim.o
                0x08002010                HAL_TIM_ConfigClockSource
 .text.HAL_TIMEx_MasterConfigSynchronization
                0x08002394       0xb0 build/stm32f1xx_hal_tim_ex.o
                0x08002394                HAL_TIMEx_MasterConfigSynchronization
 .text.HAL_TIMEx_CommutCallback
                0x08002444        0x2 build/stm32f1xx_hal_tim_ex.o
                0x08002444                HAL_TIMEx_CommutCallback
 .text.HAL_TIMEx_BreakCallback
                0x08002446        0x2 build/stm32f1xx_hal_tim_ex.o
                0x08002446                HAL_TIMEx_BreakCallback
 .text.UART_SetConfig
                0x08002448       0xcc build/stm32f1xx_hal_uart.o
 .text.HAL_UART_Init
                0x08002514       0xd4 build/stm32f1xx_hal_uart.o
                0x08002514                HAL_UART_Init
 .text.USB_CoreInit
                0x080025e8        0xe build/stm32f1xx_ll_usb.o
                0x080025e8                USB_CoreInit
 .text.USB_DisableGlobalInt
                0x080025f6       0x14 build/stm32f1xx_ll_usb.o
                0x080025f6                USB_DisableGlobalInt
 .text.USB_SetCurrentMode
                0x0800260a        0x4 build/stm32f1xx_ll_usb.o
                0x0800260a                USB_SetCurrentMode
 .text.USB_DevInit
                0x0800260e       0x28 build/stm32f1xx_ll_usb.o
                0x0800260e                USB_DevInit
 .text.USB_DevDisconnect
                0x08002636        0x4 build/stm32f1xx_ll_usb.o
                0x08002636                USB_DevDisconnect
 *fill*         0x0800263a        0x2 
 .text.osKernelInitialize
                0x0800263c       0x38 build/cmsis_os2.o
                0x0800263c                osKernelInitialize
 .text.osKernelStart
                0x08002674       0x40 build/cmsis_os2.o
                0x08002674                osKernelStart
 .text.osThreadNew
                0x080026b4       0xb0 build/cmsis_os2.o
                0x080026b4                osThreadNew
 .text.osDelay  0x08002764       0x34 build/cmsis_os2.o
                0x08002764                osDelay
 .text.vApplicationGetIdleTaskMemory
                0x08002798       0x18 build/cmsis_os2.o
                0x08002798                vApplicationGetIdleTaskMemory
 .text.vApplicationGetTimerTaskMemory
                0x080027b0       0x18 build/cmsis_os2.o
                0x080027b0                vApplicationGetTimerTaskMemory
 .text.vListInitialise
                0x080027c8       0x16 build/list.o
                0x080027c8                vListInitialise
 .text.vListInitialiseItem
                0x080027de        0x6 build/list.o
                0x080027de                vListInitialiseItem
 .text.vListInsertEnd
                0x080027e4       0x16 build/list.o
                0x080027e4                vListInsertEnd
 .text.vListInsert
                0x080027fa       0x2e build/list.o
                0x080027fa                vListInsert
 .text.uxListRemove
                0x08002828       0x20 build/list.o
                0x08002828                uxListRemove
 .text.prvPortStartFirstTask
                0x08002848       0x20 build/port.o
 .text.prvTaskExitError
                0x08002868       0x40 build/port.o
 .text.pxPortInitialiseStack
                0x080028a8       0x24 build/port.o
                0x080028a8                pxPortInitialiseStack
 *fill*         0x080028cc        0x4 
 .text.SVC_Handler
                0x080028d0       0x24 build/port.o
                0x080028d0                SVC_Handler
 .text.vPortEnterCritical
                0x080028f4       0x40 build/port.o
                0x080028f4                vPortEnterCritical
 .text.vPortExitCritical
                0x08002934       0x28 build/port.o
                0x08002934                vPortExitCritical
 *fill*         0x0800295c        0x4 
 .text.PendSV_Handler
                0x08002960       0x44 build/port.o
                0x08002960                PendSV_Handler
 .text.SysTick_Handler
                0x080029a4       0x2c build/port.o
                0x080029a4                SysTick_Handler
 .text.vPortSetupTimerInterrupt
                0x080029d0       0x24 build/port.o
                0x080029d0                vPortSetupTimerInterrupt
 .text.xPortStartScheduler
                0x080029f4       0xb0 build/port.o
                0x080029f4                xPortStartScheduler
 .text.vPortValidateInterruptPriority
                0x08002aa4       0x5c build/port.o
                0x08002aa4                vPortValidateInterruptPriority
 .text.prvInsertBlockIntoFreeList
                0x08002b00       0x50 build/heap_4.o
 .text.pvPortMalloc
                0x08002b50      0x120 build/heap_4.o
                0x08002b50                pvPortMalloc
 .text.vPortFree
                0x08002c70       0x70 build/heap_4.o
                0x08002c70                vPortFree
 .text.prvIsQueueEmpty
                0x08002ce0       0x16 build/queue.o
 .text.prvCopyDataToQueue
                0x08002cf6       0x66 build/queue.o
 .text.prvCopyDataFromQueue
                0x08002d5c       0x28 build/queue.o
 .text.prvUnlockQueue
                0x08002d84       0x70 build/queue.o
 .text.xQueueGenericReset
                0x08002df4       0x7e build/queue.o
                0x08002df4                xQueueGenericReset
 .text.xQueueGenericCreateStatic
                0x08002e72       0xa2 build/queue.o
                0x08002e72                xQueueGenericCreateStatic
 .text.xQueueGenericSend
                0x08002f14      0x178 build/queue.o
                0x08002f14                xQueueGenericSend
 .text.xQueueGenericSendFromISR
                0x0800308c       0xb8 build/queue.o
                0x0800308c                xQueueGenericSendFromISR
 .text.xQueueReceive
                0x08003144      0x13e build/queue.o
                0x08003144                xQueueReceive
 *fill*         0x08003282        0x2 
 .text.vQueueAddToRegistry
                0x08003284       0x24 build/queue.o
                0x08003284                vQueueAddToRegistry
 .text.vQueueWaitForMessageRestricted
                0x080032a8       0x46 build/queue.o
                0x080032a8                vQueueWaitForMessageRestricted
 *fill*         0x080032ee        0x2 
 .text.prvAddNewTaskToReadyList
                0x080032f0      0x100 build/tasks.o
 .text.prvAddCurrentTaskToDelayedList
                0x080033f0       0x70 build/tasks.o
 .text.prvResetNextTaskUnblockTime
                0x08003460       0x24 build/tasks.o
 .text.prvDeleteTCB
                0x08003484       0x36 build/tasks.o
 *fill*         0x080034ba        0x2 
 .text.prvIdleTask
                0x080034bc       0x60 build/tasks.o
 .text.prvInitialiseNewTask.constprop.0
                0x0800351c       0x8a build/tasks.o
 .text.xTaskCreateStatic
                0x080035a6       0x6e build/tasks.o
                0x080035a6                xTaskCreateStatic
 .text.xTaskCreate
                0x08003614       0x5c build/tasks.o
                0x08003614                xTaskCreate
 .text.vTaskStartScheduler
                0x08003670       0x8c build/tasks.o
                0x08003670                vTaskStartScheduler
 .text.vTaskSuspendAll
                0x080036fc       0x10 build/tasks.o
                0x080036fc                vTaskSuspendAll
 .text.xTaskGetTickCount
                0x0800370c        0xc build/tasks.o
                0x0800370c                xTaskGetTickCount
 .text.xTaskIncrementTick
                0x08003718      0x12c build/tasks.o
                0x08003718                xTaskIncrementTick
 .text.xTaskResumeAll
                0x08003844       0xe8 build/tasks.o
                0x08003844                xTaskResumeAll
 .text.vTaskDelay
                0x0800392c       0x48 build/tasks.o
                0x0800392c                vTaskDelay
 .text.vTaskSwitchContext
                0x08003974       0x78 build/tasks.o
                0x08003974                vTaskSwitchContext
 .text.vTaskPlaceOnEventList
                0x080039ec       0x34 build/tasks.o
                0x080039ec                vTaskPlaceOnEventList
 .text.vTaskPlaceOnEventListRestricted
                0x08003a20       0x40 build/tasks.o
                0x08003a20                vTaskPlaceOnEventListRestricted
 .text.xTaskRemoveFromEventList
                0x08003a60       0x80 build/tasks.o
                0x08003a60                xTaskRemoveFromEventList
 .text.vTaskInternalSetTimeOutState
                0x08003ae0       0x18 build/tasks.o
                0x08003ae0                vTaskInternalSetTimeOutState
 .text.xTaskCheckForTimeOut
                0x08003af8       0x78 build/tasks.o
                0x08003af8                xTaskCheckForTimeOut
 .text.vTaskMissedYield
                0x08003b70        0xc build/tasks.o
                0x08003b70                vTaskMissedYield
 .text.xTaskGetSchedulerState
                0x08003b7c       0x20 build/tasks.o
                0x08003b7c                xTaskGetSchedulerState
 .text.xTaskPriorityDisinherit
                0x08003b9c       0x84 build/tasks.o
                0x08003b9c                xTaskPriorityDisinherit
 .text.prvInsertTimerInActiveList
                0x08003c20       0x3c build/timers.o
 .text.prvCheckForValidListAndQueue
                0x08003c5c       0x68 build/timers.o
 .text.xTimerCreateTimerTask
                0x08003cc4       0x64 build/timers.o
                0x08003cc4                xTimerCreateTimerTask
 .text.xTimerGenericCommand
                0x08003d28       0x58 build/timers.o
                0x08003d28                xTimerGenericCommand
 .text.prvSampleTimeNow
                0x08003d80       0xa0 build/timers.o
 .text.prvTimerTask
                0x08003e20      0x1b8 build/timers.o
 .text.Reset_Handler
                0x08003fd8       0x48 build/startup_stm32f103xb.o
                0x08003fd8                Reset_Handler
 .text.Default_Handler
                0x08004020        0x2 build/startup_stm32f103xb.o
                0x08004020                RTC_Alarm_IRQHandler
                0x08004020                EXTI2_IRQHandler
                0x08004020                TIM1_CC_IRQHandler
                0x08004020                PVD_IRQHandler
                0x08004020                EXTI3_IRQHandler
                0x08004020                EXTI0_IRQHandler
                0x08004020                I2C2_EV_IRQHandler
                0x08004020                ADC1_2_IRQHandler
                0x08004020                SPI1_IRQHandler
                0x08004020                TAMPER_IRQHandler
                0x08004020                DMA1_Channel4_IRQHandler
                0x08004020                USART3_IRQHandler
                0x08004020                RTC_IRQHandler
                0x08004020                DMA1_Channel7_IRQHandler
                0x08004020                CAN1_RX1_IRQHandler
                0x08004020                I2C1_EV_IRQHandler
                0x08004020                DMA1_Channel6_IRQHandler
                0x08004020                TIM3_IRQHandler
                0x08004020                RCC_IRQHandler
                0x08004020                TIM1_TRG_COM_IRQHandler
                0x08004020                Default_Handler
                0x08004020                EXTI15_10_IRQHandler
                0x08004020                EXTI9_5_IRQHandler
                0x08004020                SPI2_IRQHandler
                0x08004020                DMA1_Channel5_IRQHandler
                0x08004020                EXTI4_IRQHandler
                0x08004020                USB_LP_CAN1_RX0_IRQHandler
                0x08004020                USB_HP_CAN1_TX_IRQHandler
                0x08004020                DMA1_Channel3_IRQHandler
                0x08004020                TIM1_UP_IRQHandler
                0x08004020                WWDG_IRQHandler
                0x08004020                TIM2_IRQHandler
                0x08004020                TIM1_BRK_IRQHandler
                0x08004020                EXTI1_IRQHandler
                0x08004020                USART2_IRQHandler
                0x08004020                I2C2_ER_IRQHandler
                0x08004020                DMA1_Channel2_IRQHandler
                0x08004020                CAN1_SCE_IRQHandler
                0x08004020                FLASH_IRQHandler
                0x08004020                USART1_IRQHandler
                0x08004020                I2C1_ER_IRQHandler
                0x08004020                USBWakeUp_IRQHandler
 .text.memset   0x08004022       0x10 /home/paul/.config/Code/User/globalStorage/bmd.stm32-for-vscode/@xpack-dev-tools/arm-none-eabi-gcc/12.3.1-1.2.1/.content/bin/../lib/gcc/arm-none-eabi/12.3.1/../../../../arm-none-eabi/lib/thumb/v7-m/nofp/libc_nano.a(libc_a-memset.o)
                0x08004022                memset
 *fill*         0x08004032        0x2 
 .text.__libc_init_array
                0x08004034       0x48 /home/paul/.config/Code/User/globalStorage/bmd.stm32-for-vscode/@xpack-dev-tools/arm-none-eabi-gcc/12.3.1-1.2.1/.content/bin/../lib/gcc/arm-none-eabi/12.3.1/../../../../arm-none-eabi/lib/thumb/v7-m/nofp/libc_nano.a(libc_a-init.o)
                0x08004034                __libc_init_array
 .text.memcpy   0x0800407c       0x1c /home/paul/.config/Code/User/globalStorage/bmd.stm32-for-vscode/@xpack-dev-tools/arm-none-eabi-gcc/12.3.1-1.2.1/.content/bin/../lib/gcc/arm-none-eabi/12.3.1/../../../../arm-none-eabi/lib/thumb/v7-m/nofp/libc_nano.a(libc_a-memcpy-stub.o)
                0x0800407c                memcpy
 *(.glue_7)
 .glue_7        0x08004098        0x0 linker stubs
 *(.glue_7t)
 .glue_7t       0x08004098        0x0 linker stubs
 *(.eh_frame)
 .eh_frame      0x08004098        0x0 /home/paul/.config/Code/User/globalStorage/bmd.stm32-for-vscode/@xpack-dev-tools/arm-none-eabi-gcc/12.3.1-1.2.1/.content/bin/../lib/gcc/arm-none-eabi/12.3.1/thumb/v7-m/nofp/crtbegin.o
 *(.init)
 .init          0x08004098        0x4 /home/paul/.config/Code/User/globalStorage/bmd.stm32-for-vscode/@xpack-dev-tools/arm-none-eabi-gcc/12.3.1-1.2.1/.content/bin/../lib/gcc/arm-none-eabi/12.3.1/thumb/v7-m/nofp/crti.o
                0x08004098                _init
 .init          0x0800409c        0x8 /home/paul/.config/Code/User/globalStorage/bmd.stm32-for-vscode/@xpack-dev-tools/arm-none-eabi-gcc/12.3.1-1.2.1/.content/bin/../lib/gcc/arm-none-eabi/12.3.1/thumb/v7-m/nofp/crtn.o
 *(.fini)
 .fini          0x080040a4        0x4 /home/paul/.config/Code/User/globalStorage/bmd.stm32-for-vscode/@xpack-dev-tools/arm-none-eabi-gcc/12.3.1-1.2.1/.content/bin/../lib/gcc/arm-none-eabi/12.3.1/thumb/v7-m/nofp/crti.o
                0x080040a4                _fini
 .fini          0x080040a8        0x8 /home/paul/.config/Code/User/globalStorage/bmd.stm32-for-vscode/@xpack-dev-tools/arm-none-eabi-gcc/12.3.1-1.2.1/.content/bin/../lib/gcc/arm-none-eabi/12.3.1/thumb/v7-m/nofp/crtn.o
                0x080040b0                        . = ALIGN (0x4)
                0x080040b0                        _etext = .

.vfp11_veneer   0x080040b0        0x0
 .vfp11_veneer  0x080040b0        0x0 linker stubs

.v4_bx          0x080040b0        0x0
 .v4_bx         0x080040b0        0x0 linker stubs

.iplt           0x080040b0        0x0
 .iplt          0x080040b0        0x0 /home/paul/.config/Code/User/globalStorage/bmd.stm32-for-vscode/@xpack-dev-tools/arm-none-eabi-gcc/12.3.1-1.2.1/.content/bin/../lib/gcc/arm-none-eabi/12.3.1/thumb/v7-m/nofp/crtbegin.o

.rodata         0x080040b0      0x2c0
                0x080040b0                        . = ALIGN (0x4)
 *(.rodata)
 *(.rodata*)
 .rodata.str1.1
                0x080040b0        0xc build/freertos.o
 .rodata.defaultTask_attributes
                0x080040bc       0x24 build/freertos.o
                0x080040bc                defaultTask_attributes
 .rodata.APBPrescTable
                0x080040e0        0x8 build/system_stm32f1xx.o
                0x080040e0                APBPrescTable
 .rodata.AHBPrescTable
                0x080040e8       0x10 build/system_stm32f1xx.o
                0x080040e8                AHBPrescTable
 .rodata.HAL_ADC_PollForConversion.str1.1
                0x080040f8       0x35 build/stm32f1xx_hal_adc.o
 .rodata.HAL_NVIC_SetPriorityGrouping.str1.1
                0x0800412d       0x38 build/stm32f1xx_hal_cortex.o
 .rodata.HAL_DMA_Init.str1.1
                0x08004165       0x35 build/stm32f1xx_hal_dma.o
 .rodata.HAL_GPIO_Init.str1.1
                0x0800419a       0x36 build/stm32f1xx_hal_gpio.o
 .rodata.HAL_I2C_Init.str1.1
                0x080041d0       0x35 build/stm32f1xx_hal_i2c.o
 .rodata.HAL_PCD_Init.str1.1
                0x08004205       0x35 build/stm32f1xx_hal_pcd.o
 .rodata.HAL_RCC_OscConfig.str1.1
                0x0800423a       0x35 build/stm32f1xx_hal_rcc.o
 .rodata.aPredivFactorTable.0
                0x0800426f        0x2 build/stm32f1xx_hal_rcc.o
 .rodata.aPLLMULFactorTable.1
                0x08004271       0x10 build/stm32f1xx_hal_rcc.o
 .rodata.HAL_RCCEx_PeriphCLKConfig.str1.1
                0x08004281       0x38 build/stm32f1xx_hal_rcc_ex.o
 .rodata.TIM_OC1_SetConfig.str1.1
                0x080042b9       0x35 build/stm32f1xx_hal_tim.o
 .rodata.HAL_TIMEx_HallSensor_Init.str1.1
                0x080042ee       0x38 build/stm32f1xx_hal_tim_ex.o
 .rodata.UART_SetConfig.str1.1
                0x08004326       0x36 build/stm32f1xx_hal_uart.o
 .rodata.vTaskStartScheduler.str1.1
                0x0800435c        0x5 build/tasks.o
 .rodata.prvCheckForValidListAndQueue.str1.1
                0x08004361        0x5 build/timers.o
 .rodata.xTimerCreateTimerTask.str1.1
                0x08004366        0x8 build/timers.o
                0x08004370                        . = ALIGN (0x4)
 *fill*         0x0800436e        0x2 

.rel.dyn        0x08004370        0x0
 .rel.iplt      0x08004370        0x0 /home/paul/.config/Code/User/globalStorage/bmd.stm32-for-vscode/@xpack-dev-tools/arm-none-eabi-gcc/12.3.1-1.2.1/.content/bin/../lib/gcc/arm-none-eabi/12.3.1/thumb/v7-m/nofp/crtbegin.o

.ARM.extab
 *(.ARM.extab* .gnu.linkonce.armextab.*)

.ARM            0x08004370        0x0
                0x08004370                        __exidx_start = .
 *(.ARM.exidx*)
                0x08004370                        __exidx_end = .

.preinit_array  0x08004370        0x0
                0x08004370                        PROVIDE (__preinit_array_start = .)
 *(.preinit_array*)
                0x08004370                        PROVIDE (__preinit_array_end = .)

.init_array     0x08004370        0x4
                0x08004370                        PROVIDE (__init_array_start = .)
 *(SORT_BY_NAME(.init_array.*))
 *(.init_array*)
 .init_array    0x08004370        0x4 /home/paul/.config/Code/User/globalStorage/bmd.stm32-for-vscode/@xpack-dev-tools/arm-none-eabi-gcc/12.3.1-1.2.1/.content/bin/../lib/gcc/arm-none-eabi/12.3.1/thumb/v7-m/nofp/crtbegin.o
                0x08004374                        PROVIDE (__init_array_end = .)

.fini_array     0x08004374        0x4
                0x08004374                        PROVIDE (__fini_array_start = .)
 *(SORT_BY_NAME(.fini_array.*))
 *(.fini_array*)
 .fini_array    0x08004374        0x4 /home/paul/.config/Code/User/globalStorage/bmd.stm32-for-vscode/@xpack-dev-tools/arm-none-eabi-gcc/12.3.1-1.2.1/.content/bin/../lib/gcc/arm-none-eabi/12.3.1/thumb/v7-m/nofp/crtbegin.o
                0x08004378                        PROVIDE (__fini_array_end = .)
                0x08004378                        _sidata = LOADADDR (.data)

.data           0x20000000       0x10 load address 0x08004378
                0x20000000                        . = ALIGN (0x4)
                0x20000000                        _sdata = .
 *(.data)
 *(.data*)
 .data.SystemCoreClock
                0x20000000        0x4 build/system_stm32f1xx.o
                0x20000000                SystemCoreClock
 .data.uwTickFreq
                0x20000004        0x1 build/stm32f1xx_hal.o
                0x20000004                uwTickFreq
 *fill*         0x20000005        0x3 
 .data.uwTickPrio
                0x20000008        0x4 build/stm32f1xx_hal.o
                0x20000008                uwTickPrio
 .data.uxCriticalNesting
                0x2000000c        0x4 build/port.o
                0x20000010                        . = ALIGN (0x4)
                0x20000010                        _edata = .

.igot.plt       0x20000010        0x0 load address 0x08004388
 .igot.plt      0x20000010        0x0 /home/paul/.config/Code/User/globalStorage/bmd.stm32-for-vscode/@xpack-dev-tools/arm-none-eabi-gcc/12.3.1-1.2.1/.content/bin/../lib/gcc/arm-none-eabi/12.3.1/thumb/v7-m/nofp/crtbegin.o
                0x20000010                        . = ALIGN (0x4)

.bss            0x20000010     0x1df8 load address 0x08004388
                0x20000010                        _sbss = .
                0x20000010                        __bss_start__ = _sbss
 *(.bss)
 *(.bss*)
 .bss.completed.1
                0x20000010        0x1 /home/paul/.config/Code/User/globalStorage/bmd.stm32-for-vscode/@xpack-dev-tools/arm-none-eabi-gcc/12.3.1-1.2.1/.content/bin/../lib/gcc/arm-none-eabi/12.3.1/thumb/v7-m/nofp/crtbegin.o
 *fill*         0x20000011        0x3 
 .bss.object.0  0x20000014       0x18 /home/paul/.config/Code/User/globalStorage/bmd.stm32-for-vscode/@xpack-dev-tools/arm-none-eabi-gcc/12.3.1-1.2.1/.content/bin/../lib/gcc/arm-none-eabi/12.3.1/thumb/v7-m/nofp/crtbegin.o
 .bss.hdma_adc1
                0x2000002c       0x44 build/adc.o
                0x2000002c                hdma_adc1
 .bss.hadc1     0x20000070       0x30 build/adc.o
                0x20000070                hadc1
 .bss.defaultTaskHandle
                0x200000a0        0x4 build/freertos.o
                0x200000a0                defaultTaskHandle
 .bss.hi2c1     0x200000a4       0x54 build/i2c.o
                0x200000a4                hi2c1
 .bss.htim4     0x200000f8       0x48 build/stm32f1xx_hal_timebase_tim.o
                0x200000f8                htim4
 .bss.htim3     0x20000140       0x48 build/tim.o
                0x20000140                htim3
 .bss.huart2    0x20000188       0x48 build/usart.o
                0x20000188                huart2
 .bss.hpcd_USB_FS
                0x200001d0      0x2f0 build/usb.o
                0x200001d0                hpcd_USB_FS
 .bss.uwTick    0x200004c0        0x4 build/stm32f1xx_hal.o
                0x200004c0                uwTick
 .bss.Timer_Stack
                0x200004c4      0x400 build/cmsis_os2.o
 .bss.Timer_TCB
                0x200008c4       0x5c build/cmsis_os2.o
 .bss.Idle_Stack
                0x20000920      0x200 build/cmsis_os2.o
 .bss.Idle_TCB  0x20000b20       0x5c build/cmsis_os2.o
 .bss.KernelState
                0x20000b7c        0x4 build/cmsis_os2.o
 .bss.ulMaxPRIGROUPValue
                0x20000b80        0x4 build/port.o
 .bss.ucMaxSysCallPriority
                0x20000b84        0x1 build/port.o
 *fill*         0x20000b85        0x3 
 .bss.xBlockAllocatedBit
                0x20000b88        0x4 build/heap_4.o
 .bss.xMinimumEverFreeBytesRemaining
                0x20000b8c        0x4 build/heap_4.o
 .bss.xFreeBytesRemaining
                0x20000b90        0x4 build/heap_4.o
 .bss.pxEnd     0x20000b94        0x4 build/heap_4.o
 .bss.xStart    0x20000b98        0x8 build/heap_4.o
 .bss.ucHeap    0x20000ba0      0xc00 build/heap_4.o
 .bss.xQueueRegistry
                0x200017a0       0x40 build/queue.o
                0x200017a0                xQueueRegistry
 .bss.uxSchedulerSuspended
                0x200017e0        0x4 build/tasks.o
 .bss.xNextTaskUnblockTime
                0x200017e4        0x4 build/tasks.o
 .bss.uxTaskNumber
                0x200017e8        0x4 build/tasks.o
 .bss.xNumOfOverflows
                0x200017ec        0x4 build/tasks.o
 .bss.xYieldPending
                0x200017f0        0x4 build/tasks.o
 .bss.uxPendedTicks
                0x200017f4        0x4 build/tasks.o
 .bss.xSchedulerRunning
                0x200017f8        0x4 build/tasks.o
 .bss.uxTopReadyPriority
                0x200017fc        0x4 build/tasks.o
 .bss.xTickCount
                0x20001800        0x4 build/tasks.o
 .bss.uxCurrentNumberOfTasks
                0x20001804        0x4 build/tasks.o
 .bss.xSuspendedTaskList
                0x20001808       0x14 build/tasks.o
 .bss.uxDeletedTasksWaitingCleanUp
                0x2000181c        0x4 build/tasks.o
 .bss.xTasksWaitingTermination
                0x20001820       0x14 build/tasks.o
 .bss.xPendingReadyList
                0x20001834       0x14 build/tasks.o
 .bss.pxOverflowDelayedTaskList
                0x20001848        0x4 build/tasks.o
 .bss.pxDelayedTaskList
                0x2000184c        0x4 build/tasks.o
 .bss.xDelayedTaskList2
                0x20001850       0x14 build/tasks.o
 .bss.xDelayedTaskList1
                0x20001864       0x14 build/tasks.o
 .bss.pxReadyTasksLists
                0x20001878      0x460 build/tasks.o
 .bss.pxCurrentTCB
                0x20001cd8        0x4 build/tasks.o
                0x20001cd8                pxCurrentTCB
 .bss.xStaticTimerQueue.0
                0x20001cdc       0x50 build/timers.o
 .bss.ucStaticTimerQueueStorage.1
                0x20001d2c       0xa0 build/timers.o
 .bss.xLastTime.2
                0x20001dcc        0x4 build/timers.o
 .bss.xTimerTaskHandle
                0x20001dd0        0x4 build/timers.o
 .bss.xTimerQueue
                0x20001dd4        0x4 build/timers.o
 .bss.pxOverflowTimerList
                0x20001dd8        0x4 build/timers.o
 .bss.pxCurrentTimerList
                0x20001ddc        0x4 build/timers.o
 .bss.xActiveTimerList2
                0x20001de0       0x14 build/timers.o
 .bss.xActiveTimerList1
                0x20001df4       0x14 build/timers.o
 *(COMMON)
                0x20001e08                        . = ALIGN (0x4)
                0x20001e08                        _ebss = .
                0x20001e08                        __bss_end__ = _ebss

._user_heap_stack
                0x20001e08      0x600 load address 0x08004388
                0x20001e08                        . = ALIGN (0x8)
                0x20001e08                        PROVIDE (end = .)
                [!provide]                        PROVIDE (_end = .)
                0x20002008                        . = (. + _Min_Heap_Size)
 *fill*         0x20001e08      0x200 
                0x20002408                        . = (. + _Min_Stack_Size)
 *fill*         0x20002008      0x400 
                0x20002408                        . = ALIGN (0x8)

/DISCARD/
 libc.a(*)
 libm.a(*)
 libgcc.a(*)

.ARM.attributes
                0x00000000       0x29
 *(.ARM.attributes)
 .ARM.attributes
                0x00000000       0x1d /home/paul/.config/Code/User/globalStorage/bmd.stm32-for-vscode/@xpack-dev-tools/arm-none-eabi-gcc/12.3.1-1.2.1/.content/bin/../lib/gcc/arm-none-eabi/12.3.1/thumb/v7-m/nofp/crti.o
 .ARM.attributes
                0x0000001d       0x2d /home/paul/.config/Code/User/globalStorage/bmd.stm32-for-vscode/@xpack-dev-tools/arm-none-eabi-gcc/12.3.1-1.2.1/.content/bin/../lib/gcc/arm-none-eabi/12.3.1/thumb/v7-m/nofp/crtbegin.o
 .ARM.attributes
                0x0000004a       0x2d build/adc.o
 .ARM.attributes
                0x00000077       0x2d build/dma.o
 .ARM.attributes
                0x000000a4       0x2d build/freertos.o
 .ARM.attributes
                0x000000d1       0x2d build/gpio.o
 .ARM.attributes
                0x000000fe       0x2d build/i2c.o
 .ARM.attributes
                0x0000012b       0x2d build/main.o
 .ARM.attributes
                0x00000158       0x2d build/stm32f1xx_hal_msp.o
 .ARM.attributes
                0x00000185       0x2d build/stm32f1xx_hal_timebase_tim.o
 .ARM.attributes
                0x000001b2       0x2d build/stm32f1xx_it.o
 .ARM.attributes
                0x000001df       0x2d build/system_stm32f1xx.o
 .ARM.attributes
                0x0000020c       0x2d build/tim.o
 .ARM.attributes
                0x00000239       0x2d build/usart.o
 .ARM.attributes
                0x00000266       0x2d build/usb.o
 .ARM.attributes
                0x00000293       0x2d build/stm32f1xx_hal.o
 .ARM.attributes
                0x000002c0       0x2d build/stm32f1xx_hal_adc.o
 .ARM.attributes
                0x000002ed       0x2d build/stm32f1xx_hal_cortex.o
 .ARM.attributes
                0x0000031a       0x2d build/stm32f1xx_hal_dma.o
 .ARM.attributes
                0x00000347       0x2d build/stm32f1xx_hal_gpio.o
 .ARM.attributes
                0x00000374       0x2d build/stm32f1xx_hal_i2c.o
 .ARM.attributes
                0x000003a1       0x2d build/stm32f1xx_hal_pcd.o
 .ARM.attributes
                0x000003ce       0x2d build/stm32f1xx_hal_rcc.o
 .ARM.attributes
                0x000003fb       0x2d build/stm32f1xx_hal_rcc_ex.o
 .ARM.attributes
                0x00000428       0x2d build/stm32f1xx_hal_tim.o
 .ARM.attributes
                0x00000455       0x2d build/stm32f1xx_hal_tim_ex.o
 .ARM.attributes
                0x00000482       0x2d build/stm32f1xx_hal_uart.o
 .ARM.attributes
                0x000004af       0x2d build/stm32f1xx_ll_usb.o
 .ARM.attributes
                0x000004dc       0x2d build/cmsis_os2.o
 .ARM.attributes
                0x00000509       0x2d build/list.o
 .ARM.attributes
                0x00000536       0x2d build/port.o
 .ARM.attributes
                0x00000563       0x2d build/heap_4.o
 .ARM.attributes
                0x00000590       0x2d build/queue.o
 .ARM.attributes
                0x000005bd       0x2d build/tasks.o
 .ARM.attributes
                0x000005ea       0x2d build/timers.o
 .ARM.attributes
                0x00000617       0x21 build/startup_stm32f103xb.o
 .ARM.attributes
                0x00000638       0x2d /home/paul/.config/Code/User/globalStorage/bmd.stm32-for-vscode/@xpack-dev-tools/arm-none-eabi-gcc/12.3.1-1.2.1/.content/bin/../lib/gcc/arm-none-eabi/12.3.1/../../../../arm-none-eabi/lib/thumb/v7-m/nofp/libc_nano.a(libc_a-memset.o)
 .ARM.attributes
                0x00000665       0x2d /home/paul/.config/Code/User/globalStorage/bmd.stm32-for-vscode/@xpack-dev-tools/arm-none-eabi-gcc/12.3.1-1.2.1/.content/bin/../lib/gcc/arm-none-eabi/12.3.1/../../../../arm-none-eabi/lib/thumb/v7-m/nofp/libc_nano.a(libc_a-init.o)
 .ARM.attributes
                0x00000692       0x2d /home/paul/.config/Code/User/globalStorage/bmd.stm32-for-vscode/@xpack-dev-tools/arm-none-eabi-gcc/12.3.1-1.2.1/.content/bin/../lib/gcc/arm-none-eabi/12.3.1/../../../../arm-none-eabi/lib/thumb/v7-m/nofp/libc_nano.a(libc_a-memcpy-stub.o)
 .ARM.attributes
                0x000006bf       0x1d /home/paul/.config/Code/User/globalStorage/bmd.stm32-for-vscode/@xpack-dev-tools/arm-none-eabi-gcc/12.3.1-1.2.1/.content/bin/../lib/gcc/arm-none-eabi/12.3.1/thumb/v7-m/nofp/crtn.o
OUTPUT(build/jog_joystick.elf elf32-littlearm)
LOAD linker stubs
LOAD /home/paul/.config/Code/User/globalStorage/bmd.stm32-for-vscode/@xpack-dev-tools/arm-none-eabi-gcc/12.3.1-1.2.1/.content/bin/../lib/gcc/arm-none-eabi/12.3.1/../../../../arm-none-eabi/lib/thumb/v7-m/nofp/libc.a
LOAD /home/paul/.config/Code/User/globalStorage/bmd.stm32-for-vscode/@xpack-dev-tools/arm-none-eabi-gcc/12.3.1-1.2.1/.content/bin/../lib/gcc/arm-none-eabi/12.3.1/../../../../arm-none-eabi/lib/thumb/v7-m/nofp/libm.a
LOAD /home/paul/.config/Code/User/globalStorage/bmd.stm32-for-vscode/@xpack-dev-tools/arm-none-eabi-gcc/12.3.1-1.2.1/.content/bin/../lib/gcc/arm-none-eabi/12.3.1/thumb/v7-m/nofp/libgcc.a

.comment        0x00000000       0x39
 .comment       0x00000000       0x39 /home/paul/.config/Code/User/globalStorage/bmd.stm32-for-vscode/@xpack-dev-tools/arm-none-eabi-gcc/12.3.1-1.2.1/.content/bin/../lib/gcc/arm-none-eabi/12.3.1/thumb/v7-m/nofp/crtbegin.o
                                 0x3a (size before relaxing)
 .comment       0x00000039       0x3a build/adc.o
 .comment       0x00000039       0x3a build/dma.o
 .comment       0x00000039       0x3a build/freertos.o
 .comment       0x00000039       0x3a build/gpio.o
 .comment       0x00000039       0x3a build/i2c.o
 .comment       0x00000039       0x3a build/main.o
 .comment       0x00000039       0x3a build/stm32f1xx_hal_msp.o
 .comment       0x00000039       0x3a build/stm32f1xx_hal_timebase_tim.o
 .comment       0x00000039       0x3a build/stm32f1xx_it.o
 .comment       0x00000039       0x3a build/system_stm32f1xx.o
 .comment       0x00000039       0x3a build/tim.o
 .comment       0x00000039       0x3a build/usart.o
 .comment       0x00000039       0x3a build/usb.o
 .comment       0x00000039       0x3a build/stm32f1xx_hal.o
 .comment       0x00000039       0x3a build/stm32f1xx_hal_adc.o
 .comment       0x00000039       0x3a build/stm32f1xx_hal_cortex.o
 .comment       0x00000039       0x3a build/stm32f1xx_hal_dma.o
 .comment       0x00000039       0x3a build/stm32f1xx_hal_gpio.o
 .comment       0x00000039       0x3a build/stm32f1xx_hal_i2c.o
 .comment       0x00000039       0x3a build/stm32f1xx_hal_pcd.o
 .comment       0x00000039       0x3a build/stm32f1xx_hal_rcc.o
 .comment       0x00000039       0x3a build/stm32f1xx_hal_rcc_ex.o
 .comment       0x00000039       0x3a build/stm32f1xx_hal_tim.o
 .comment       0x00000039       0x3a build/stm32f1xx_hal_tim_ex.o
 .comment       0x00000039       0x3a build/stm32f1xx_hal_uart.o
 .comment       0x00000039       0x3a build/stm32f1xx_ll_usb.o
 .comment       0x00000039       0x3a build/cmsis_os2.o
 .comment       0x00000039       0x3a build/list.o
 .comment       0x00000039       0x3a build/port.o
 .comment       0x00000039       0x3a build/heap_4.o
 .comment       0x00000039       0x3a build/queue.o
 .comment       0x00000039       0x3a build/tasks.o
 .comment       0x00000039       0x3a build/timers.o
 .comment       0x00000039       0x3a /home/paul/.config/Code/User/globalStorage/bmd.stm32-for-vscode/@xpack-dev-tools/arm-none-eabi-gcc/12.3.1-1.2.1/.content/bin/../lib/gcc/arm-none-eabi/12.3.1/../../../../arm-none-eabi/lib/thumb/v7-m/nofp/libc_nano.a(libc_a-memset.o)
 .comment       0x00000039       0x3a /home/paul/.config/Code/User/globalStorage/bmd.stm32-for-vscode/@xpack-dev-tools/arm-none-eabi-gcc/12.3.1-1.2.1/.content/bin/../lib/gcc/arm-none-eabi/12.3.1/../../../../arm-none-eabi/lib/thumb/v7-m/nofp/libc_nano.a(libc_a-init.o)
 .comment       0x00000039       0x3a /home/paul/.config/Code/User/globalStorage/bmd.stm32-for-vscode/@xpack-dev-tools/arm-none-eabi-gcc/12.3.1-1.2.1/.content/bin/../lib/gcc/arm-none-eabi/12.3.1/../../../../arm-none-eabi/lib/thumb/v7-m/nofp/libc_nano.a(libc_a-memcpy-stub.o)

.debug_info     0x00000000    0x29d2f
 .debug_info    0x00000000      0x9e2 build/adc.o
 .debug_info    0x000009e2      0x2f7 build/dma.o
 .debug_info    0x00000cd9      0x3bf build/freertos.o
 .debug_info    0x00001098      0x364 build/gpio.o
 .debug_info    0x000013fc      0x884 build/i2c.o
 .debug_info    0x00001c80      0xb23 build/main.o
 .debug_info    0x000027a3      0x2eb build/stm32f1xx_hal_msp.o
 .debug_info    0x00002a8e      0xa43 build/stm32f1xx_hal_timebase_tim.o
 .debug_info    0x000034d1      0x6a9 build/stm32f1xx_it.o
 .debug_info    0x00003b7a      0x22d build/system_stm32f1xx.o
 .debug_info    0x00003da7      0x8bb build/tim.o
 .debug_info    0x00004662      0x834 build/usart.o
 .debug_info    0x00004e96      0x6bf build/usb.o
 .debug_info    0x00005555      0x82d build/stm32f1xx_hal.o
 .debug_info    0x00005d82     0x1276 build/stm32f1xx_hal_adc.o
 .debug_info    0x00006ff8      0xe5a build/stm32f1xx_hal_cortex.o
 .debug_info    0x00007e52      0x96c build/stm32f1xx_hal_dma.o
 .debug_info    0x000087be      0x84d build/stm32f1xx_hal_gpio.o
 .debug_info    0x0000900b     0x3b78 build/stm32f1xx_hal_i2c.o
 .debug_info    0x0000cb83     0x1dad build/stm32f1xx_hal_pcd.o
 .debug_info    0x0000e930      0xcd7 build/stm32f1xx_hal_rcc.o
 .debug_info    0x0000f607      0x4cb build/stm32f1xx_hal_rcc_ex.o
 .debug_info    0x0000fad2     0x551b build/stm32f1xx_hal_tim.o
 .debug_info    0x00014fed     0x21ee build/stm32f1xx_hal_tim_ex.o
 .debug_info    0x000171db     0x43b8 build/stm32f1xx_hal_uart.o
 .debug_info    0x0001b593     0x1946 build/stm32f1xx_ll_usb.o
 .debug_info    0x0001ced9     0x4bcb build/cmsis_os2.o
 .debug_info    0x00021aa4      0x2ba build/list.o
 .debug_info    0x00021d5e      0x52c build/port.o
 .debug_info    0x0002228a      0x4b5 build/heap_4.o
 .debug_info    0x0002273f     0x296e build/queue.o
 .debug_info    0x000250ad     0x3129 build/tasks.o
 .debug_info    0x000281d6     0x1b29 build/timers.o
 .debug_info    0x00029cff       0x30 build/startup_stm32f103xb.o

.debug_abbrev   0x00000000     0x57da
 .debug_abbrev  0x00000000      0x214 build/adc.o
 .debug_abbrev  0x00000214      0x11a build/dma.o
 .debug_abbrev  0x0000032e      0x13f build/freertos.o
 .debug_abbrev  0x0000046d      0x16d build/gpio.o
 .debug_abbrev  0x000005da      0x20c build/i2c.o
 .debug_abbrev  0x000007e6      0x2b0 build/main.o
 .debug_abbrev  0x00000a96      0x10f build/stm32f1xx_hal_msp.o
 .debug_abbrev  0x00000ba5      0x226 build/stm32f1xx_hal_timebase_tim.o
 .debug_abbrev  0x00000dcb      0x18d build/stm32f1xx_it.o
 .debug_abbrev  0x00000f58      0x143 build/system_stm32f1xx.o
 .debug_abbrev  0x0000109b      0x202 build/tim.o
 .debug_abbrev  0x0000129d      0x209 build/usart.o
 .debug_abbrev  0x000014a6      0x1f3 build/usb.o
 .debug_abbrev  0x00001699      0x278 build/stm32f1xx_hal.o
 .debug_abbrev  0x00001911      0x276 build/stm32f1xx_hal_adc.o
 .debug_abbrev  0x00001b87      0x39a build/stm32f1xx_hal_cortex.o
 .debug_abbrev  0x00001f21      0x29f build/stm32f1xx_hal_dma.o
 .debug_abbrev  0x000021c0      0x232 build/stm32f1xx_hal_gpio.o
 .debug_abbrev  0x000023f2      0x442 build/stm32f1xx_hal_i2c.o
 .debug_abbrev  0x00002834      0x409 build/stm32f1xx_hal_pcd.o
 .debug_abbrev  0x00002c3d      0x31c build/stm32f1xx_hal_rcc.o
 .debug_abbrev  0x00002f59      0x209 build/stm32f1xx_hal_rcc_ex.o
 .debug_abbrev  0x00003162      0x383 build/stm32f1xx_hal_tim.o
 .debug_abbrev  0x000034e5      0x2c0 build/stm32f1xx_hal_tim_ex.o
 .debug_abbrev  0x000037a5      0x3ff build/stm32f1xx_hal_uart.o
 .debug_abbrev  0x00003ba4      0x29a build/stm32f1xx_ll_usb.o
 .debug_abbrev  0x00003e3e      0x547 build/cmsis_os2.o
 .debug_abbrev  0x00004385      0x10a build/list.o
 .debug_abbrev  0x0000448f      0x2af build/port.o
 .debug_abbrev  0x0000473e      0x286 build/heap_4.o
 .debug_abbrev  0x000049c4      0x4db build/queue.o
 .debug_abbrev  0x00004e9f      0x4ca build/tasks.o
 .debug_abbrev  0x00005369      0x44d build/timers.o
 .debug_abbrev  0x000057b6       0x24 build/startup_stm32f103xb.o

.debug_loclists
                0x00000000    0x10e81
 .debug_loclists
                0x00000000       0x52 build/adc.o
 .debug_loclists
                0x00000052       0x23 build/freertos.o
 .debug_loclists
                0x00000075       0x48 build/i2c.o
 .debug_loclists
                0x000000bd       0x2a build/main.o
 .debug_loclists
                0x000000e7       0xbe build/stm32f1xx_hal_timebase_tim.o
 .debug_loclists
                0x000001a5       0xac build/system_stm32f1xx.o
 .debug_loclists
                0x00000251       0x48 build/usart.o
 .debug_loclists
                0x00000299       0xaf build/stm32f1xx_hal.o
 .debug_loclists
                0x00000348      0x624 build/stm32f1xx_hal_adc.o
 .debug_loclists
                0x0000096c      0x3af build/stm32f1xx_hal_cortex.o
 .debug_loclists
                0x00000d1b      0x46c build/stm32f1xx_hal_dma.o
 .debug_loclists
                0x00001187      0x378 build/stm32f1xx_hal_gpio.o
 .debug_loclists
                0x000014ff     0x22de build/stm32f1xx_hal_i2c.o
 .debug_loclists
                0x000037dd      0xbd1 build/stm32f1xx_hal_pcd.o
 .debug_loclists
                0x000043ae      0x41d build/stm32f1xx_hal_rcc.o
 .debug_loclists
                0x000047cb      0x1fb build/stm32f1xx_hal_rcc_ex.o
 .debug_loclists
                0x000049c6     0x2704 build/stm32f1xx_hal_tim.o
 .debug_loclists
                0x000070ca      0xe1c build/stm32f1xx_hal_tim_ex.o
 .debug_loclists
                0x00007ee6     0x282e build/stm32f1xx_hal_uart.o
 .debug_loclists
                0x0000a714     0x124c build/stm32f1xx_ll_usb.o
 .debug_loclists
                0x0000b960     0x2573 build/cmsis_os2.o
 .debug_loclists
                0x0000ded3       0x71 build/list.o
 .debug_loclists
                0x0000df44       0x92 build/port.o
 .debug_loclists
                0x0000dfd6      0x2e5 build/heap_4.o
 .debug_loclists
                0x0000e2bb      0xfe6 build/queue.o
 .debug_loclists
                0x0000f2a1     0x1305 build/tasks.o
 .debug_loclists
                0x000105a6      0x8db build/timers.o

.debug_aranges  0x00000000     0x1888
 .debug_aranges
                0x00000000       0x30 build/adc.o
 .debug_aranges
                0x00000030       0x20 build/dma.o
 .debug_aranges
                0x00000050       0x28 build/freertos.o
 .debug_aranges
                0x00000078       0x20 build/gpio.o
 .debug_aranges
                0x00000098       0x30 build/i2c.o
 .debug_aranges
                0x000000c8       0x40 build/main.o
 .debug_aranges
                0x00000108       0x20 build/stm32f1xx_hal_msp.o
 .debug_aranges
                0x00000128       0x30 build/stm32f1xx_hal_timebase_tim.o
 .debug_aranges
                0x00000158       0x58 build/stm32f1xx_it.o
 .debug_aranges
                0x000001b0       0x28 build/system_stm32f1xx.o
 .debug_aranges
                0x000001d8       0x30 build/tim.o
 .debug_aranges
                0x00000208       0x30 build/usart.o
 .debug_aranges
                0x00000238       0x30 build/usb.o
 .debug_aranges
                0x00000268       0xe0 build/stm32f1xx_hal.o
 .debug_aranges
                0x00000348       0xf0 build/stm32f1xx_hal_adc.o
 .debug_aranges
                0x00000438       0x90 build/stm32f1xx_hal_cortex.o
 .debug_aranges
                0x000004c8       0x78 build/stm32f1xx_hal_dma.o
 .debug_aranges
                0x00000540       0x58 build/stm32f1xx_hal_gpio.o
 .debug_aranges
                0x00000598      0x208 build/stm32f1xx_hal_i2c.o
 .debug_aranges
                0x000007a0      0x128 build/stm32f1xx_hal_pcd.o
 .debug_aranges
                0x000008c8       0x88 build/stm32f1xx_hal_rcc.o
 .debug_aranges
                0x00000950       0x30 build/stm32f1xx_hal_rcc_ex.o
 .debug_aranges
                0x00000980      0x3a0 build/stm32f1xx_hal_tim.o
 .debug_aranges
                0x00000d20      0x168 build/stm32f1xx_hal_tim_ex.o
 .debug_aranges
                0x00000e88      0x1f0 build/stm32f1xx_hal_uart.o
 .debug_aranges
                0x00001078       0xf8 build/stm32f1xx_ll_usb.o
 .debug_aranges
                0x00001170      0x228 build/cmsis_os2.o
 .debug_aranges
                0x00001398       0x40 build/list.o
 .debug_aranges
                0x000013d8       0x78 build/port.o
 .debug_aranges
                0x00001450       0x48 build/heap_4.o
 .debug_aranges
                0x00001498      0x138 build/queue.o
 .debug_aranges
                0x000015d0      0x1e0 build/tasks.o
 .debug_aranges
                0x000017b0       0xb0 build/timers.o
 .debug_aranges
                0x00001860       0x28 build/startup_stm32f103xb.o

.debug_rnglists
                0x00000000     0x1d35
 .debug_rnglists
                0x00000000       0x3c build/adc.o
 .debug_rnglists
                0x0000003c       0x28 build/dma.o
 .debug_rnglists
                0x00000064       0x19 build/freertos.o
 .debug_rnglists
                0x0000007d       0x3e build/gpio.o
 .debug_rnglists
                0x000000bb       0x31 build/i2c.o
 .debug_rnglists
                0x000000ec       0x2c build/main.o
 .debug_rnglists
                0x00000118       0x31 build/stm32f1xx_hal_msp.o
 .debug_rnglists
                0x00000149       0x35 build/stm32f1xx_hal_timebase_tim.o
 .debug_rnglists
                0x0000017e       0x3d build/stm32f1xx_it.o
 .debug_rnglists
                0x000001bb       0x19 build/system_stm32f1xx.o
 .debug_rnglists
                0x000001d4       0x1f build/tim.o
 .debug_rnglists
                0x000001f3       0x3a build/usart.o
 .debug_rnglists
                0x0000022d       0x1f build/usb.o
 .debug_rnglists
                0x0000024c       0xa3 build/stm32f1xx_hal.o
 .debug_rnglists
                0x000002ef       0xb9 build/stm32f1xx_hal_adc.o
 .debug_rnglists
                0x000003a8       0xdd build/stm32f1xx_hal_cortex.o
 .debug_rnglists
                0x00000485       0x67 build/stm32f1xx_hal_dma.o
 .debug_rnglists
                0x000004ec       0x52 build/stm32f1xx_hal_gpio.o
 .debug_rnglists
                0x0000053e      0x368 build/stm32f1xx_hal_i2c.o
 .debug_rnglists
                0x000008a6      0x1c7 build/stm32f1xx_hal_pcd.o
 .debug_rnglists
                0x00000a6d       0x84 build/stm32f1xx_hal_rcc.o
 .debug_rnglists
                0x00000af1       0x40 build/stm32f1xx_hal_rcc_ex.o
 .debug_rnglists
                0x00000b31      0x337 build/stm32f1xx_hal_tim.o
 .debug_rnglists
                0x00000e68      0x122 build/stm32f1xx_hal_tim_ex.o
 .debug_rnglists
                0x00000f8a      0x191 build/stm32f1xx_hal_uart.o
 .debug_rnglists
                0x0000111b      0x320 build/stm32f1xx_ll_usb.o
 .debug_rnglists
                0x0000143b      0x2cf build/cmsis_os2.o
 .debug_rnglists
                0x0000170a       0x2b build/list.o
 .debug_rnglists
                0x00001735       0x6e build/port.o
 .debug_rnglists
                0x000017a3       0x32 build/heap_4.o
 .debug_rnglists
                0x000017d5      0x1fb build/queue.o
 .debug_rnglists
                0x000019d0      0x252 build/tasks.o
 .debug_rnglists
                0x00001c22       0xfa build/timers.o
 .debug_rnglists
                0x00001d1c       0x19 build/startup_stm32f103xb.o

.debug_line     0x00000000    0x24849
 .debug_line    0x00000000      0x492 build/adc.o
 .debug_line    0x00000492      0x224 build/dma.o
 .debug_line    0x000006b6      0x218 build/freertos.o
 .debug_line    0x000008ce      0x2a0 build/gpio.o
 .debug_line    0x00000b6e      0x353 build/i2c.o
 .debug_line    0x00000ec1      0x4d8 build/main.o
 .debug_line    0x00001399      0x238 build/stm32f1xx_hal_msp.o
 .debug_line    0x000015d1      0x391 build/stm32f1xx_hal_timebase_tim.o
 .debug_line    0x00001962      0x31a build/stm32f1xx_it.o
 .debug_line    0x00001c7c      0x291 build/system_stm32f1xx.o
 .debug_line    0x00001f0d      0x343 build/tim.o
 .debug_line    0x00002250      0x36f build/usart.o
 .debug_line    0x000025bf      0x2ea build/usb.o
 .debug_line    0x000028a9      0x5f8 build/stm32f1xx_hal.o
 .debug_line    0x00002ea1     0x1202 build/stm32f1xx_hal_adc.o
 .debug_line    0x000040a3      0x7e0 build/stm32f1xx_hal_cortex.o
 .debug_line    0x00004883      0xbea build/stm32f1xx_hal_dma.o
 .debug_line    0x0000546d      0x79b build/stm32f1xx_hal_gpio.o
 .debug_line    0x00005c08     0x5d9b build/stm32f1xx_hal_i2c.o
 .debug_line    0x0000b9a3     0x148d build/stm32f1xx_hal_pcd.o
 .debug_line    0x0000ce30      0xd8e build/stm32f1xx_hal_rcc.o
 .debug_line    0x0000dbbe      0x566 build/stm32f1xx_hal_rcc_ex.o
 .debug_line    0x0000e124     0x5752 build/stm32f1xx_hal_tim.o
 .debug_line    0x00013876     0x1f7a build/stm32f1xx_hal_tim_ex.o
 .debug_line    0x000157f0     0x4338 build/stm32f1xx_hal_uart.o
 .debug_line    0x00019b28     0x185d build/stm32f1xx_ll_usb.o
 .debug_line    0x0001b385     0x2b96 build/cmsis_os2.o
 .debug_line    0x0001df1b      0x3c4 build/list.o
 .debug_line    0x0001e2df      0x6a9 build/port.o
 .debug_line    0x0001e988      0x6ee build/heap_4.o
 .debug_line    0x0001f076     0x1fb4 build/queue.o
 .debug_line    0x0002102a     0x29e3 build/tasks.o
 .debug_line    0x00023a0d      0xdc8 build/timers.o
 .debug_line    0x000247d5       0x74 build/startup_stm32f103xb.o

.debug_str      0x00000000     0x80f5
 .debug_str     0x00000000      0x5ba build/adc.o
                                0x661 (size before relaxing)
 .debug_str     0x000005ba      0x322 build/dma.o
                                0x4dc (size before relaxing)
 .debug_str     0x000008dc      0x566 build/freertos.o
                                0x6df (size before relaxing)
 .debug_str     0x00000e42       0x59 build/gpio.o
                                0x295 (size before relaxing)
 .debug_str     0x00000e9b      0x2c5 build/i2c.o
                                0x750 (size before relaxing)
 .debug_str     0x00001160      0x535 build/main.o
                                0x9ef (size before relaxing)
 .debug_str     0x00001695       0x29 build/stm32f1xx_hal_msp.o
                                0x4d7 (size before relaxing)
 .debug_str     0x000016be      0x104 build/stm32f1xx_hal_timebase_tim.o
                                0xb0e (size before relaxing)
 .debug_str     0x000017c2       0xcc build/stm32f1xx_it.o
                                0x704 (size before relaxing)
 .debug_str     0x0000188e       0x7b build/system_stm32f1xx.o
                                0x246 (size before relaxing)
 .debug_str     0x00001909      0x12d build/tim.o
                                0x824 (size before relaxing)
 .debug_str     0x00001a36      0x225 build/usart.o
                                0x6dc (size before relaxing)
 .debug_str     0x00001c5b      0x34f build/usb.o
                                0x5e4 (size before relaxing)
 .debug_str     0x00001faa      0x2b5 build/stm32f1xx_hal.o
                                0x840 (size before relaxing)
 .debug_str     0x0000225f      0x32c build/stm32f1xx_hal_adc.o
                                0x8da (size before relaxing)
 .debug_str     0x0000258b      0x374 build/stm32f1xx_hal_cortex.o
                                0x8d3 (size before relaxing)
 .debug_str     0x000028ff      0x1ee build/stm32f1xx_hal_dma.o
                                0x60f (size before relaxing)
 .debug_str     0x00002aed      0x128 build/stm32f1xx_hal_gpio.o
                                0x412 (size before relaxing)
 .debug_str     0x00002c15      0x887 build/stm32f1xx_hal_i2c.o
                                0xfc5 (size before relaxing)
 .debug_str     0x0000349c      0x58c build/stm32f1xx_hal_pcd.o
                                0xb18 (size before relaxing)
 .debug_str     0x00003a28      0x1a1 build/stm32f1xx_hal_rcc.o
                                0x643 (size before relaxing)
 .debug_str     0x00003bc9       0x81 build/stm32f1xx_hal_rcc_ex.o
                                0x3d3 (size before relaxing)
 .debug_str     0x00003c4a      0xe33 build/stm32f1xx_hal_tim.o
                               0x1687 (size before relaxing)
 .debug_str     0x00004a7d      0x4eb build/stm32f1xx_hal_tim_ex.o
                                0xea3 (size before relaxing)
 .debug_str     0x00004f68      0x606 build/stm32f1xx_hal_uart.o
                                0xcf4 (size before relaxing)
 .debug_str     0x0000556e      0x12b build/stm32f1xx_ll_usb.o
                                0x70c (size before relaxing)
 .debug_str     0x00005699     0x11c1 build/cmsis_os2.o
                               0x1943 (size before relaxing)
 .debug_str     0x0000685a      0x136 build/list.o
                                0x2e7 (size before relaxing)
 .debug_str     0x00006990      0x23d build/port.o
                                0x453 (size before relaxing)
 .debug_str     0x00006bcd      0x1de build/heap_4.o
                                0x3db (size before relaxing)
 .debug_str     0x00006dab      0x5d8 build/queue.o
                                0xc72 (size before relaxing)
 .debug_str     0x00007383      0x87d build/tasks.o
                               0x1261 (size before relaxing)
 .debug_str     0x00007c00      0x4c3 build/timers.o
                                0xbe7 (size before relaxing)
 .debug_str     0x000080c3       0x32 build/startup_stm32f103xb.o
                                 0x79 (size before relaxing)

.debug_frame    0x00000000     0x443c
 .debug_frame   0x00000000       0x6c build/adc.o
 .debug_frame   0x0000006c       0x2c build/dma.o
 .debug_frame   0x00000098       0x40 build/freertos.o
 .debug_frame   0x000000d8       0x30 build/gpio.o
 .debug_frame   0x00000108       0x70 build/i2c.o
 .debug_frame   0x00000178       0x78 build/main.o
 .debug_frame   0x000001f0       0x28 build/stm32f1xx_hal_msp.o
 .debug_frame   0x00000218       0x54 build/stm32f1xx_hal_timebase_tim.o
 .debug_frame   0x0000026c       0x90 build/stm32f1xx_it.o
 .debug_frame   0x000002fc       0x30 build/system_stm32f1xx.o
 .debug_frame   0x0000032c       0x50 build/tim.o
 .debug_frame   0x0000037c       0x60 build/usart.o
 .debug_frame   0x000003dc       0x58 build/usb.o
 .debug_frame   0x00000434      0x1d4 build/stm32f1xx_hal.o
 .debug_frame   0x00000608      0x2a8 build/stm32f1xx_hal_adc.o
 .debug_frame   0x000008b0      0x144 build/stm32f1xx_hal_cortex.o
 .debug_frame   0x000009f4      0x14c build/stm32f1xx_hal_dma.o
 .debug_frame   0x00000b40      0x104 build/stm32f1xx_hal_gpio.o
 .debug_frame   0x00000c44      0x780 build/stm32f1xx_hal_i2c.o
 .debug_frame   0x000013c4      0x300 build/stm32f1xx_hal_pcd.o
 .debug_frame   0x000016c4      0x154 build/stm32f1xx_hal_rcc.o
 .debug_frame   0x00001818       0x60 build/stm32f1xx_hal_rcc_ex.o
 .debug_frame   0x00001878      0xb00 build/stm32f1xx_hal_tim.o
 .debug_frame   0x00002378      0x460 build/stm32f1xx_hal_tim_ex.o
 .debug_frame   0x000027d8      0x5ac build/stm32f1xx_hal_uart.o
 .debug_frame   0x00002d84      0x220 build/stm32f1xx_ll_usb.o
 .debug_frame   0x00002fa4      0x664 build/cmsis_os2.o
 .debug_frame   0x00003608       0x6c build/list.o
 .debug_frame   0x00003674       0xec build/port.o
 .debug_frame   0x00003760       0x9c build/heap_4.o
 .debug_frame   0x000037fc      0x3ec build/queue.o
 .debug_frame   0x00003be8      0x63c build/tasks.o
 .debug_frame   0x00004224      0x218 build/timers.o

.debug_line_str
                0x00000000       0x5d
 .debug_line_str
                0x00000000       0x5d build/startup_stm32f103xb.o

Cross Reference Table

Symbol                                            File
ADC1_2_IRQHandler                                 build/startup_stm32f103xb.o
ADC_ConversionStop_Disable                        build/stm32f1xx_hal_adc.o
                                                  build/stm32f1xx_hal_adc_ex.o
ADC_DMAConvCplt                                   build/stm32f1xx_hal_adc.o
                                                  build/stm32f1xx_hal_adc_ex.o
ADC_DMAError                                      build/stm32f1xx_hal_adc.o
                                                  build/stm32f1xx_hal_adc_ex.o
ADC_DMAHalfConvCplt                               build/stm32f1xx_hal_adc.o
                                                  build/stm32f1xx_hal_adc_ex.o
ADC_Enable                                        build/stm32f1xx_hal_adc.o
                                                  build/stm32f1xx_hal_adc_ex.o
AHBPrescTable                                     build/system_stm32f1xx.o
                                                  build/stm32f1xx_hal_rcc.o
APBPrescTable                                     build/system_stm32f1xx.o
                                                  build/stm32f1xx_hal_rcc.o
BusFault_Handler                                  build/stm32f1xx_it.o
CAN1_RX1_IRQHandler                               build/startup_stm32f103xb.o
CAN1_SCE_IRQHandler                               build/startup_stm32f103xb.o
DMA1_Channel1_IRQHandler                          build/stm32f1xx_it.o
DMA1_Channel2_IRQHandler                          build/startup_stm32f103xb.o
DMA1_Channel3_IRQHandler                          build/startup_stm32f103xb.o
DMA1_Channel4_IRQHandler                          build/startup_stm32f103xb.o
DMA1_Channel5_IRQHandler                          build/startup_stm32f103xb.o
DMA1_Channel6_IRQHandler                          build/startup_stm32f103xb.o
DMA1_Channel7_IRQHandler                          build/startup_stm32f103xb.o
DebugMon_Handler                                  build/stm32f1xx_it.o
Default_Handler                                   build/startup_stm32f103xb.o
EXTI0_IRQHandler                                  build/startup_stm32f103xb.o
EXTI15_10_IRQHandler                              build/startup_stm32f103xb.o
EXTI1_IRQHandler                                  build/startup_stm32f103xb.o
EXTI2_IRQHandler                                  build/startup_stm32f103xb.o
EXTI3_IRQHandler                                  build/startup_stm32f103xb.o
EXTI4_IRQHandler                                  build/startup_stm32f103xb.o
EXTI9_5_IRQHandler                                build/startup_stm32f103xb.o
Error_Handler                                     build/main.o
                                                  build/usb.o
                                                  build/usart.o
                                                  build/tim.o
                                                  build/i2c.o
                                                  build/adc.o
FLASH_IRQHandler                                  build/startup_stm32f103xb.o
FLASH_PageErase                                   build/stm32f1xx_hal_flash_ex.o
                                                  build/stm32f1xx_hal_flash.o
FLASH_WaitForLastOperation                        build/stm32f1xx_hal_flash.o
                                                  build/stm32f1xx_hal_flash_ex.o
HAL_ADCEx_Calibration_Start                       build/stm32f1xx_hal_adc_ex.o
HAL_ADCEx_InjectedConfigChannel                   build/stm32f1xx_hal_adc_ex.o
HAL_ADCEx_InjectedConvCpltCallback                build/stm32f1xx_hal_adc_ex.o
                                                  build/stm32f1xx_hal_adc.o
HAL_ADCEx_InjectedGetValue                        build/stm32f1xx_hal_adc_ex.o
HAL_ADCEx_InjectedPollForConversion               build/stm32f1xx_hal_adc_ex.o
HAL_ADCEx_InjectedStart                           build/stm32f1xx_hal_adc_ex.o
HAL_ADCEx_InjectedStart_IT                        build/stm32f1xx_hal_adc_ex.o
HAL_ADCEx_InjectedStop                            build/stm32f1xx_hal_adc_ex.o
HAL_ADCEx_InjectedStop_IT                         build/stm32f1xx_hal_adc_ex.o
HAL_ADCEx_MultiModeConfigChannel                  build/stm32f1xx_hal_adc_ex.o
HAL_ADCEx_MultiModeGetValue                       build/stm32f1xx_hal_adc_ex.o
HAL_ADCEx_MultiModeStart_DMA                      build/stm32f1xx_hal_adc_ex.o
HAL_ADCEx_MultiModeStop_DMA                       build/stm32f1xx_hal_adc_ex.o
HAL_ADC_AnalogWDGConfig                           build/stm32f1xx_hal_adc.o
HAL_ADC_ConfigChannel                             build/stm32f1xx_hal_adc.o
                                                  build/adc.o
HAL_ADC_ConvCpltCallback                          build/stm32f1xx_hal_adc.o
HAL_ADC_ConvHalfCpltCallback                      build/stm32f1xx_hal_adc.o
HAL_ADC_DeInit                                    build/stm32f1xx_hal_adc.o
HAL_ADC_ErrorCallback                             build/stm32f1xx_hal_adc.o
HAL_ADC_GetError                                  build/stm32f1xx_hal_adc.o
HAL_ADC_GetState                                  build/stm32f1xx_hal_adc.o
HAL_ADC_GetValue                                  build/stm32f1xx_hal_adc.o
HAL_ADC_IRQHandler                                build/stm32f1xx_hal_adc.o
HAL_ADC_Init                                      build/stm32f1xx_hal_adc.o
                                                  build/adc.o
HAL_ADC_LevelOutOfWindowCallback                  build/stm32f1xx_hal_adc.o
HAL_ADC_MspDeInit                                 build/adc.o
HAL_ADC_MspInit                                   build/adc.o
HAL_ADC_PollForConversion                         build/stm32f1xx_hal_adc.o
HAL_ADC_PollForEvent                              build/stm32f1xx_hal_adc.o
HAL_ADC_Start                                     build/stm32f1xx_hal_adc.o
HAL_ADC_Start_DMA                                 build/stm32f1xx_hal_adc.o
HAL_ADC_Start_IT                                  build/stm32f1xx_hal_adc.o
HAL_ADC_Stop                                      build/stm32f1xx_hal_adc.o
HAL_ADC_Stop_DMA                                  build/stm32f1xx_hal_adc.o
HAL_ADC_Stop_IT                                   build/stm32f1xx_hal_adc.o
HAL_DBGMCU_DisableDBGSleepMode                    build/stm32f1xx_hal.o
HAL_DBGMCU_DisableDBGStandbyMode                  build/stm32f1xx_hal.o
HAL_DBGMCU_DisableDBGStopMode                     build/stm32f1xx_hal.o
HAL_DBGMCU_EnableDBGSleepMode                     build/stm32f1xx_hal.o
HAL_DBGMCU_EnableDBGStandbyMode                   build/stm32f1xx_hal.o
HAL_DBGMCU_EnableDBGStopMode                      build/stm32f1xx_hal.o
HAL_DMA_Abort                                     build/stm32f1xx_hal_dma.o
                                                  build/stm32f1xx_hal_uart.o
                                                  build/stm32f1xx_hal_adc_ex.o
                                                  build/stm32f1xx_hal_adc.o
HAL_DMA_Abort_IT                                  build/stm32f1xx_hal_dma.o
                                                  build/stm32f1xx_hal_uart.o
                                                  build/stm32f1xx_hal_tim_ex.o
                                                  build/stm32f1xx_hal_tim.o
                                                  build/stm32f1xx_hal_i2c.o
HAL_DMA_DeInit                                    build/stm32f1xx_hal_dma.o
                                                  build/adc.o
HAL_DMA_GetError                                  build/stm32f1xx_hal_dma.o
                                                  build/stm32f1xx_hal_uart.o
HAL_DMA_GetState                                  build/stm32f1xx_hal_dma.o
                                                  build/stm32f1xx_hal_i2c.o
HAL_DMA_IRQHandler                                build/stm32f1xx_hal_dma.o
                                                  build/stm32f1xx_it.o
HAL_DMA_Init                                      build/stm32f1xx_hal_dma.o
                                                  build/adc.o
HAL_DMA_PollForTransfer                           build/stm32f1xx_hal_dma.o
HAL_DMA_RegisterCallback                          build/stm32f1xx_hal_dma.o
HAL_DMA_Start                                     build/stm32f1xx_hal_dma.o
HAL_DMA_Start_IT                                  build/stm32f1xx_hal_dma.o
                                                  build/stm32f1xx_hal_uart.o
                                                  build/stm32f1xx_hal_tim_ex.o
                                                  build/stm32f1xx_hal_tim.o
                                                  build/stm32f1xx_hal_i2c.o
                                                  build/stm32f1xx_hal_adc_ex.o
                                                  build/stm32f1xx_hal_adc.o
HAL_DMA_UnRegisterCallback                        build/stm32f1xx_hal_dma.o
HAL_DeInit                                        build/stm32f1xx_hal.o
HAL_Delay                                         build/stm32f1xx_hal.o
HAL_EXTI_ClearConfigLine                          build/stm32f1xx_hal_exti.o
HAL_EXTI_ClearPending                             build/stm32f1xx_hal_exti.o
HAL_EXTI_GenerateSWI                              build/stm32f1xx_hal_exti.o
HAL_EXTI_GetConfigLine                            build/stm32f1xx_hal_exti.o
HAL_EXTI_GetHandle                                build/stm32f1xx_hal_exti.o
HAL_EXTI_GetPending                               build/stm32f1xx_hal_exti.o
HAL_EXTI_IRQHandler                               build/stm32f1xx_hal_exti.o
HAL_EXTI_RegisterCallback                         build/stm32f1xx_hal_exti.o
HAL_EXTI_SetConfigLine                            build/stm32f1xx_hal_exti.o
HAL_FLASHEx_Erase                                 build/stm32f1xx_hal_flash_ex.o
HAL_FLASHEx_Erase_IT                              build/stm32f1xx_hal_flash_ex.o
HAL_FLASHEx_OBErase                               build/stm32f1xx_hal_flash_ex.o
HAL_FLASHEx_OBGetConfig                           build/stm32f1xx_hal_flash_ex.o
HAL_FLASHEx_OBGetUserData                         build/stm32f1xx_hal_flash_ex.o
HAL_FLASHEx_OBProgram                             build/stm32f1xx_hal_flash_ex.o
HAL_FLASH_EndOfOperationCallback                  build/stm32f1xx_hal_flash.o
HAL_FLASH_GetError                                build/stm32f1xx_hal_flash.o
HAL_FLASH_IRQHandler                              build/stm32f1xx_hal_flash.o
HAL_FLASH_Lock                                    build/stm32f1xx_hal_flash.o
HAL_FLASH_OB_Launch                               build/stm32f1xx_hal_flash.o
HAL_FLASH_OB_Lock                                 build/stm32f1xx_hal_flash.o
HAL_FLASH_OB_Unlock                               build/stm32f1xx_hal_flash.o
HAL_FLASH_OperationErrorCallback                  build/stm32f1xx_hal_flash.o
HAL_FLASH_Program                                 build/stm32f1xx_hal_flash.o
HAL_FLASH_Program_IT                              build/stm32f1xx_hal_flash.o
HAL_FLASH_Unlock                                  build/stm32f1xx_hal_flash.o
HAL_GPIOEx_ConfigEventout                         build/stm32f1xx_hal_gpio_ex.o
HAL_GPIOEx_DisableEventout                        build/stm32f1xx_hal_gpio_ex.o
HAL_GPIOEx_EnableEventout                         build/stm32f1xx_hal_gpio_ex.o
HAL_GPIO_DeInit                                   build/stm32f1xx_hal_gpio.o
                                                  build/usart.o
                                                  build/i2c.o
                                                  build/adc.o
HAL_GPIO_EXTI_Callback                            build/stm32f1xx_hal_gpio.o
HAL_GPIO_EXTI_IRQHandler                          build/stm32f1xx_hal_gpio.o
HAL_GPIO_Init                                     build/stm32f1xx_hal_gpio.o
                                                  build/stm32f1xx_hal_rcc.o
                                                  build/usart.o
                                                  build/i2c.o
                                                  build/gpio.o
                                                  build/adc.o
HAL_GPIO_LockPin                                  build/stm32f1xx_hal_gpio.o
HAL_GPIO_ReadPin                                  build/stm32f1xx_hal_gpio.o
HAL_GPIO_TogglePin                                build/stm32f1xx_hal_gpio.o
HAL_GPIO_WritePin                                 build/stm32f1xx_hal_gpio.o
                                                  build/gpio.o
HAL_GetDEVID                                      build/stm32f1xx_hal.o
HAL_GetHalVersion                                 build/stm32f1xx_hal.o
HAL_GetREVID                                      build/stm32f1xx_hal.o
HAL_GetTick                                       build/stm32f1xx_hal.o
                                                  build/stm32f1xx_hal_uart.o
                                                  build/stm32f1xx_hal_rcc_ex.o
                                                  build/stm32f1xx_hal_rcc.o
                                                  build/stm32f1xx_hal_i2c.o
                                                  build/stm32f1xx_hal_flash.o
                                                  build/stm32f1xx_hal_dma.o
                                                  build/stm32f1xx_hal_adc_ex.o
                                                  build/stm32f1xx_hal_adc.o
HAL_GetTickFreq                                   build/stm32f1xx_hal.o
HAL_GetTickPrio                                   build/stm32f1xx_hal.o
HAL_GetUIDw0                                      build/stm32f1xx_hal.o
HAL_GetUIDw1                                      build/stm32f1xx_hal.o
HAL_GetUIDw2                                      build/stm32f1xx_hal.o
HAL_HalfDuplex_EnableReceiver                     build/stm32f1xx_hal_uart.o
HAL_HalfDuplex_EnableTransmitter                  build/stm32f1xx_hal_uart.o
HAL_HalfDuplex_Init                               build/stm32f1xx_hal_uart.o
HAL_I2C_AbortCpltCallback                         build/stm32f1xx_hal_i2c.o
HAL_I2C_AddrCallback                              build/stm32f1xx_hal_i2c.o
HAL_I2C_DeInit                                    build/stm32f1xx_hal_i2c.o
HAL_I2C_DisableListen_IT                          build/stm32f1xx_hal_i2c.o
HAL_I2C_ER_IRQHandler                             build/stm32f1xx_hal_i2c.o
HAL_I2C_EV_IRQHandler                             build/stm32f1xx_hal_i2c.o
HAL_I2C_EnableListen_IT                           build/stm32f1xx_hal_i2c.o
HAL_I2C_ErrorCallback                             build/stm32f1xx_hal_i2c.o
HAL_I2C_GetError                                  build/stm32f1xx_hal_i2c.o
HAL_I2C_GetMode                                   build/stm32f1xx_hal_i2c.o
HAL_I2C_GetState                                  build/stm32f1xx_hal_i2c.o
HAL_I2C_Init                                      build/stm32f1xx_hal_i2c.o
                                                  build/i2c.o
HAL_I2C_IsDeviceReady                             build/stm32f1xx_hal_i2c.o
HAL_I2C_ListenCpltCallback                        build/stm32f1xx_hal_i2c.o
HAL_I2C_MasterRxCpltCallback                      build/stm32f1xx_hal_i2c.o
HAL_I2C_MasterTxCpltCallback                      build/stm32f1xx_hal_i2c.o
HAL_I2C_Master_Abort_IT                           build/stm32f1xx_hal_i2c.o
HAL_I2C_Master_Receive                            build/stm32f1xx_hal_i2c.o
HAL_I2C_Master_Receive_DMA                        build/stm32f1xx_hal_i2c.o
HAL_I2C_Master_Receive_IT                         build/stm32f1xx_hal_i2c.o
HAL_I2C_Master_Seq_Receive_DMA                    build/stm32f1xx_hal_i2c.o
HAL_I2C_Master_Seq_Receive_IT                     build/stm32f1xx_hal_i2c.o
HAL_I2C_Master_Seq_Transmit_DMA                   build/stm32f1xx_hal_i2c.o
HAL_I2C_Master_Seq_Transmit_IT                    build/stm32f1xx_hal_i2c.o
HAL_I2C_Master_Transmit                           build/stm32f1xx_hal_i2c.o
HAL_I2C_Master_Transmit_DMA                       build/stm32f1xx_hal_i2c.o
HAL_I2C_Master_Transmit_IT                        build/stm32f1xx_hal_i2c.o
HAL_I2C_MemRxCpltCallback                         build/stm32f1xx_hal_i2c.o
HAL_I2C_MemTxCpltCallback                         build/stm32f1xx_hal_i2c.o
HAL_I2C_Mem_Read                                  build/stm32f1xx_hal_i2c.o
HAL_I2C_Mem_Read_DMA                              build/stm32f1xx_hal_i2c.o
HAL_I2C_Mem_Read_IT                               build/stm32f1xx_hal_i2c.o
HAL_I2C_Mem_Write                                 build/stm32f1xx_hal_i2c.o
HAL_I2C_Mem_Write_DMA                             build/stm32f1xx_hal_i2c.o
HAL_I2C_Mem_Write_IT                              build/stm32f1xx_hal_i2c.o
HAL_I2C_MspDeInit                                 build/i2c.o
HAL_I2C_MspInit                                   build/i2c.o
HAL_I2C_SlaveRxCpltCallback                       build/stm32f1xx_hal_i2c.o
HAL_I2C_SlaveTxCpltCallback                       build/stm32f1xx_hal_i2c.o
HAL_I2C_Slave_Receive                             build/stm32f1xx_hal_i2c.o
HAL_I2C_Slave_Receive_DMA                         build/stm32f1xx_hal_i2c.o
HAL_I2C_Slave_Receive_IT                          build/stm32f1xx_hal_i2c.o
HAL_I2C_Slave_Seq_Receive_DMA                     build/stm32f1xx_hal_i2c.o
HAL_I2C_Slave_Seq_Receive_IT                      build/stm32f1xx_hal_i2c.o
HAL_I2C_Slave_Seq_Transmit_DMA                    build/stm32f1xx_hal_i2c.o
HAL_I2C_Slave_Seq_Transmit_IT                     build/stm32f1xx_hal_i2c.o
HAL_I2C_Slave_Transmit                            build/stm32f1xx_hal_i2c.o
HAL_I2C_Slave_Transmit_DMA                        build/stm32f1xx_hal_i2c.o
HAL_I2C_Slave_Transmit_IT                         build/stm32f1xx_hal_i2c.o
HAL_IncTick                                       build/stm32f1xx_hal.o
                                                  build/main.o
HAL_Init                                          build/stm32f1xx_hal.o
                                                  build/main.o
HAL_InitTick                                      build/stm32f1xx_hal_timebase_tim.o
                                                  build/stm32f1xx_hal_rcc.o
HAL_LIN_Init                                      build/stm32f1xx_hal_uart.o
HAL_LIN_SendBreak                                 build/stm32f1xx_hal_uart.o
HAL_MspDeInit                                     build/stm32f1xx_hal.o
HAL_MspInit                                       build/stm32f1xx_hal_msp.o
HAL_MultiProcessor_EnterMuteMode                  build/stm32f1xx_hal_uart.o
HAL_MultiProcessor_ExitMuteMode                   build/stm32f1xx_hal_uart.o
HAL_MultiProcessor_Init                           build/stm32f1xx_hal_uart.o
HAL_NVIC_ClearPendingIRQ                          build/stm32f1xx_hal_cortex.o
HAL_NVIC_DisableIRQ                               build/stm32f1xx_hal_cortex.o
HAL_NVIC_EnableIRQ                                build/stm32f1xx_hal_cortex.o
                                                  build/stm32f1xx_hal_timebase_tim.o
                                                  build/dma.o
HAL_NVIC_GetActive                                build/stm32f1xx_hal_cortex.o
HAL_NVIC_GetPendingIRQ                            build/stm32f1xx_hal_cortex.o
HAL_NVIC_GetPriority                              build/stm32f1xx_hal_cortex.o
HAL_NVIC_GetPriorityGrouping                      build/stm32f1xx_hal_cortex.o
HAL_NVIC_SetPendingIRQ                            build/stm32f1xx_hal_cortex.o
HAL_NVIC_SetPriority                              build/stm32f1xx_hal_cortex.o
                                                  build/stm32f1xx_hal.o
                                                  build/stm32f1xx_hal_timebase_tim.o
                                                  build/stm32f1xx_hal_msp.o
                                                  build/dma.o
HAL_NVIC_SetPriorityGrouping                      build/stm32f1xx_hal_cortex.o
                                                  build/stm32f1xx_hal.o
HAL_NVIC_SystemReset                              build/stm32f1xx_hal_cortex.o
                                                  build/stm32f1xx_hal_flash.o
HAL_PCDEx_BCD_Callback                            build/stm32f1xx_hal_pcd_ex.o
HAL_PCDEx_LPM_Callback                            build/stm32f1xx_hal_pcd_ex.o
HAL_PCDEx_PMAConfig                               build/stm32f1xx_hal_pcd_ex.o
HAL_PCDEx_SetConnectionState                      build/stm32f1xx_hal_pcd_ex.o
                                                  build/stm32f1xx_hal_pcd.o
HAL_PCD_ActivateRemoteWakeup                      build/stm32f1xx_hal_pcd.o
HAL_PCD_ConnectCallback                           build/stm32f1xx_hal_pcd.o
HAL_PCD_DataInStageCallback                       build/stm32f1xx_hal_pcd.o
HAL_PCD_DataOutStageCallback                      build/stm32f1xx_hal_pcd.o
HAL_PCD_DeActivateRemoteWakeup                    build/stm32f1xx_hal_pcd.o
HAL_PCD_DeInit                                    build/stm32f1xx_hal_pcd.o
HAL_PCD_DevConnect                                build/stm32f1xx_hal_pcd.o
HAL_PCD_DevDisconnect                             build/stm32f1xx_hal_pcd.o
HAL_PCD_DisconnectCallback                        build/stm32f1xx_hal_pcd.o
HAL_PCD_EP_Abort                                  build/stm32f1xx_hal_pcd.o
HAL_PCD_EP_Close                                  build/stm32f1xx_hal_pcd.o
HAL_PCD_EP_ClrStall                               build/stm32f1xx_hal_pcd.o
HAL_PCD_EP_Flush                                  build/stm32f1xx_hal_pcd.o
HAL_PCD_EP_GetRxCount                             build/stm32f1xx_hal_pcd.o
HAL_PCD_EP_Open                                   build/stm32f1xx_hal_pcd.o
HAL_PCD_EP_Receive                                build/stm32f1xx_hal_pcd.o
HAL_PCD_EP_SetStall                               build/stm32f1xx_hal_pcd.o
HAL_PCD_EP_Transmit                               build/stm32f1xx_hal_pcd.o
HAL_PCD_GetState                                  build/stm32f1xx_hal_pcd.o
HAL_PCD_IRQHandler                                build/stm32f1xx_hal_pcd.o
HAL_PCD_ISOINIncompleteCallback                   build/stm32f1xx_hal_pcd.o
HAL_PCD_ISOOUTIncompleteCallback                  build/stm32f1xx_hal_pcd.o
HAL_PCD_Init                                      build/stm32f1xx_hal_pcd.o
                                                  build/usb.o
HAL_PCD_MspDeInit                                 build/usb.o
HAL_PCD_MspInit                                   build/usb.o
HAL_PCD_ResetCallback                             build/stm32f1xx_hal_pcd.o
HAL_PCD_ResumeCallback                            build/stm32f1xx_hal_pcd.o
HAL_PCD_SOFCallback                               build/stm32f1xx_hal_pcd.o
HAL_PCD_SetAddress                                build/stm32f1xx_hal_pcd.o
HAL_PCD_SetupStageCallback                        build/stm32f1xx_hal_pcd.o
HAL_PCD_Start                                     build/stm32f1xx_hal_pcd.o
HAL_PCD_Stop                                      build/stm32f1xx_hal_pcd.o
HAL_PCD_SuspendCallback                           build/stm32f1xx_hal_pcd.o
HAL_PCD_WKUP_IRQHandler                           build/stm32f1xx_hal_pcd.o
HAL_PWR_ConfigPVD                                 build/stm32f1xx_hal_pwr.o
HAL_PWR_DeInit                                    build/stm32f1xx_hal_pwr.o
HAL_PWR_DisableBkUpAccess                         build/stm32f1xx_hal_pwr.o
HAL_PWR_DisablePVD                                build/stm32f1xx_hal_pwr.o
HAL_PWR_DisableSEVOnPend                          build/stm32f1xx_hal_pwr.o
HAL_PWR_DisableSleepOnExit                        build/stm32f1xx_hal_pwr.o
HAL_PWR_DisableWakeUpPin                          build/stm32f1xx_hal_pwr.o
HAL_PWR_EnableBkUpAccess                          build/stm32f1xx_hal_pwr.o
HAL_PWR_EnablePVD                                 build/stm32f1xx_hal_pwr.o
HAL_PWR_EnableSEVOnPend                           build/stm32f1xx_hal_pwr.o
HAL_PWR_EnableSleepOnExit                         build/stm32f1xx_hal_pwr.o
HAL_PWR_EnableWakeUpPin                           build/stm32f1xx_hal_pwr.o
HAL_PWR_EnterSLEEPMode                            build/stm32f1xx_hal_pwr.o
HAL_PWR_EnterSTANDBYMode                          build/stm32f1xx_hal_pwr.o
HAL_PWR_EnterSTOPMode                             build/stm32f1xx_hal_pwr.o
HAL_PWR_PVDCallback                               build/stm32f1xx_hal_pwr.o
HAL_PWR_PVD_IRQHandler                            build/stm32f1xx_hal_pwr.o
HAL_RCCEx_GetPeriphCLKConfig                      build/stm32f1xx_hal_rcc_ex.o
HAL_RCCEx_GetPeriphCLKFreq                        build/stm32f1xx_hal_rcc_ex.o
                                                  build/stm32f1xx_hal_adc_ex.o
                                                  build/stm32f1xx_hal_adc.o
HAL_RCCEx_PeriphCLKConfig                         build/stm32f1xx_hal_rcc_ex.o
                                                  build/main.o
HAL_RCC_CSSCallback                               build/stm32f1xx_hal_rcc.o
HAL_RCC_ClockConfig                               build/stm32f1xx_hal_rcc.o
                                                  build/main.o
HAL_RCC_DeInit                                    build/stm32f1xx_hal_rcc.o
HAL_RCC_DisableCSS                                build/stm32f1xx_hal_rcc.o
HAL_RCC_EnableCSS                                 build/stm32f1xx_hal_rcc.o
HAL_RCC_GetClockConfig                            build/stm32f1xx_hal_rcc.o
                                                  build/stm32f1xx_hal_timebase_tim.o
HAL_RCC_GetHCLKFreq                               build/stm32f1xx_hal_rcc.o
HAL_RCC_GetOscConfig                              build/stm32f1xx_hal_rcc.o
HAL_RCC_GetPCLK1Freq                              build/stm32f1xx_hal_rcc.o
                                                  build/stm32f1xx_hal_uart.o
                                                  build/stm32f1xx_hal_i2c.o
                                                  build/stm32f1xx_hal_timebase_tim.o
HAL_RCC_GetPCLK2Freq                              build/stm32f1xx_hal_rcc.o
                                                  build/stm32f1xx_hal_uart.o
                                                  build/stm32f1xx_hal_rcc_ex.o
HAL_RCC_GetSysClockFreq                           build/stm32f1xx_hal_rcc.o